Component: ARM Compiler 5.06 update 6 (build 750) Tool: armlink [4d35ed]

==============================================================================

Section Cross References

    main.o(i.main) refers to system_lpc17xx.o(i.SystemCoreClockUpdate) for SystemCoreClockUpdate
    main.o(i.main) refers to rtx_kernel.o(.text.osKernelInitialize) for osKernelInitialize
    main.o(i.main) refers to led_mcb1700.o(i.LED_Initialize) for LED_Initialize
    main.o(i.main) refers to thread.o(i.Init_Thread) for Init_Thread
    main.o(i.main) refers to rtx_thread.o(.text.osThreadNew) for osThreadNew
    main.o(i.main) refers to rtx_kernel.o(.text.osKernelStart) for osKernelStart
    main.o(i.main) refers to main.o(i.app_main) for app_main
    thread.o(i.Init_Thread) refers to rtx_thread.o(.text.osThreadNew) for osThreadNew
    thread.o(i.Init_Thread) refers to thread.o(i.Thread1) for Thread1
    thread.o(i.Init_Thread) refers to thread.o(.data) for tid1_Thread
    thread.o(i.Init_Thread) refers to thread.o(i.Thread2) for Thread2
    thread.o(i.Init_Thread) refers to thread.o(i.Thread3) for Thread3
    thread.o(i.Thread1) refers to rtx_thread.o(.text.osThreadNew) for osThreadNew
    thread.o(i.Thread1) refers to rtx_thread.o(.text.osThreadJoin) for osThreadJoin
    thread.o(i.Thread1) refers to led_mcb1700.o(i.LED_Off) for LED_Off
    thread.o(i.Thread1) refers to led_mcb1700.o(i.LED_On) for LED_On
    thread.o(i.Thread1) refers to printf1.o(i.__0printf$1) for __2printf
    thread.o(i.Thread1) refers to thread.o(i.delay) for delay
    thread.o(i.Thread1) refers to thread.o(i.Thread2) for Thread2
    thread.o(i.Thread1) refers to thread.o(i.Thread3) for Thread3
    thread.o(i.Thread1) refers to thread.o(.data) for draw1
    thread.o(i.Thread2) refers to rand.o(.text) for rand
    thread.o(i.Thread2) refers to printf1.o(i.__0printf$1) for __2printf
    thread.o(i.Thread2) refers to rtx_thread.o(.text.osThreadExit) for osThreadExit
    thread.o(i.Thread2) refers to thread.o(.data) for draw1
    thread.o(i.Thread3) refers to rand.o(.text) for rand
    thread.o(i.Thread3) refers to printf1.o(i.__0printf$1) for __2printf
    thread.o(i.Thread3) refers to rtx_thread.o(.text.osThreadExit) for osThreadExit
    thread.o(i.Thread3) refers to thread.o(.data) for draw2
    joystick_mcb1700.o(i.Joystick_GetState) refers to gpio_lpc17xx.o(i.GPIO_PinRead) for GPIO_PinRead
    joystick_mcb1700.o(i.Joystick_GetState) refers to joystick_mcb1700.o(.constdata) for JOYSTICK_PIN
    joystick_mcb1700.o(i.Joystick_Initialize) refers to gpio_lpc17xx.o(i.GPIO_PortClock) for GPIO_PortClock
    joystick_mcb1700.o(i.Joystick_Initialize) refers to pin_lpc17xx.o(i.PIN_Configure) for PIN_Configure
    joystick_mcb1700.o(i.Joystick_Initialize) refers to gpio_lpc17xx.o(i.GPIO_SetDir) for GPIO_SetDir
    joystick_mcb1700.o(i.Joystick_Initialize) refers to joystick_mcb1700.o(.constdata) for JOYSTICK_PIN
    joystick_mcb1700.o(i.Joystick_Uninitialize) refers to pin_lpc17xx.o(i.PIN_Configure) for PIN_Configure
    joystick_mcb1700.o(i.Joystick_Uninitialize) refers to joystick_mcb1700.o(.constdata) for JOYSTICK_PIN
    led_mcb1700.o(i.LED_Initialize) refers to gpio_lpc17xx.o(i.GPIO_PortClock) for GPIO_PortClock
    led_mcb1700.o(i.LED_Initialize) refers to pin_lpc17xx.o(i.PIN_Configure) for PIN_Configure
    led_mcb1700.o(i.LED_Initialize) refers to gpio_lpc17xx.o(i.GPIO_SetDir) for GPIO_SetDir
    led_mcb1700.o(i.LED_Initialize) refers to gpio_lpc17xx.o(i.GPIO_PinWrite) for GPIO_PinWrite
    led_mcb1700.o(i.LED_Initialize) refers to led_mcb1700.o(.constdata) for LED_PIN
    led_mcb1700.o(i.LED_Off) refers to gpio_lpc17xx.o(i.GPIO_PinWrite) for GPIO_PinWrite
    led_mcb1700.o(i.LED_Off) refers to led_mcb1700.o(.constdata) for LED_PIN
    led_mcb1700.o(i.LED_On) refers to gpio_lpc17xx.o(i.GPIO_PinWrite) for GPIO_PinWrite
    led_mcb1700.o(i.LED_On) refers to led_mcb1700.o(.constdata) for LED_PIN
    led_mcb1700.o(i.LED_SetOut) refers to led_mcb1700.o(i.LED_On) for LED_On
    led_mcb1700.o(i.LED_SetOut) refers to led_mcb1700.o(i.LED_Off) for LED_Off
    led_mcb1700.o(i.LED_Uninitialize) refers to pin_lpc17xx.o(i.PIN_Configure) for PIN_Configure
    led_mcb1700.o(i.LED_Uninitialize) refers to led_mcb1700.o(.constdata) for LED_PIN
    rtx_lib.o(.constdata) refers to rtx_lib.o(.bss.os.thread.cb) for os_idle_thread_cb
    rtx_lib.o(.constdata) refers to rtx_lib.o(.bss.os.thread.stack) for os_idle_thread_stack
    rtx_lib.o(.constdata) refers to rtx_lib.o(.bss.os.msgqueue.cb) for os_timer_mq_cb
    rtx_lib.o(.constdata) refers to rtx_lib.o(.bss.os.msgqueue.mem) for os_timer_mq_data
    rtx_lib.o(.data) refers to irq_cm3.o(.constdata) for irqRtxLib
    rtx_lib.o(.rodata) refers to rtx_lib.o(.bss.os) for os_isr_queue
    rtx_lib.o(.rodata) refers to rtx_lib.o(.constdata) for os_idle_thread_attr
    retarget_io.o(i.ITM_ReceiveChar) refers to retarget_io.o(.data) for ITM_RxBuffer
    retarget_io.o(i.__aeabi_assert) refers to fputs.o(i.fputs) for fputs
[...]
    Removing rtx_kernel.o(.text.svcRtxKernelSuspend), (80 bytes).
    Removing rtx_kernel.o(.ARM.exidx.text.svcRtxKernelSuspend), (8 bytes).
    Removing rtx_kernel.o(.text.svcRtxKernelResume), (140 bytes).
    Removing rtx_kernel.o(.ARM.exidx.text.svcRtxKernelResume), (8 bytes).
    Removing rtx_thread.o(.text), (0 bytes).
    Removing rtx_thread.o(.ARM.exidx.text.osRtxThreadListPut), (8 bytes).
    Removing rtx_thread.o(.ARM.exidx.text.osRtxThreadListGet), (8 bytes).
    Removing rtx_thread.o(.ARM.exidx.text.osRtxThreadListSort), (8 bytes).
    Removing rtx_thread.o(.ARM.exidx.text.osRtxThreadListRemove), (8 bytes).
    Removing rtx_thread.o(.ARM.exidx.text.osRtxThreadReadyPut), (8 bytes).
    Removing rtx_thread.o(.ARM.exidx.text.osRtxThreadDelayTick), (8 bytes).
    Removing rtx_thread.o(.ARM.exidx.text.osRtxThreadListRoot), (8 bytes).
    Removing rtx_thread.o(.ARM.exidx.text.osRtxThreadRegPtr), (8 bytes).
    Removing rtx_thread.o(.ARM.exidx.text.osRtxThreadSwitch), (8 bytes).
    Removing rtx_thread.o(.ARM.exidx.text.osRtxThreadStackCheck), (8 bytes).
    Removing rtx_thread.o(.ARM.exidx.text.osRtxThreadDispatch), (8 bytes).
    Removing rtx_thread.o(.ARM.exidx.text.osRtxThreadBlock), (8 bytes).
    Removing rtx_thread.o(.ARM.exidx.text.osRtxThreadWaitExit), (8 bytes).
    Removing rtx_thread.o(.ARM.exidx.text.osRtxThreadDelayRemove), (8 bytes).
    Removing rtx_thread.o(.ARM.exidx.text.osRtxThreadWaitEnter), (8 bytes).
    Removing rtx_thread.o(.ARM.exidx.text.osRtxThreadDelayInsert), (8 bytes).
    Removing rtx_thread.o(.ARM.exidx.text.osRtxThreadStartup), (8 bytes).
    Removing rtx_thread.o(.ARM.exidx.text.svcRtxThreadNew), (8 bytes).
    Removing rtx_thread.o(.ARM.exidx.text.osThreadNew), (8 bytes).
    Removing rtx_thread.o(.text.osThreadGetName), (36 bytes).
    Removing rtx_thread.o(.ARM.exidx.text.osThreadGetName), (8 bytes).
    Removing rtx_thread.o(.text.osThreadGetId), (40 bytes).
    Removing rtx_thread.o(.ARM.exidx.text.osThreadGetId), (8 bytes).
    Removing rtx_thread.o(.text.svcRtxThreadGetId), (12 bytes).
    Removing rtx_thread.o(.ARM.exidx.text.svcRtxThreadGetId), (8 bytes).
    Removing rtx_thread.o(.text.osThreadGetState), (36 bytes).
    Removing rtx_thread.o(.ARM.exidx.text.osThreadGetState), (8 bytes).
    Removing rtx_thread.o(.text.osThreadGetStackSize), (36 bytes).
    Removing rtx_thread.o(.ARM.exidx.text.osThreadGetStackSize), (8 bytes).
    Removing rtx_thread.o(.text.osThreadGetStackSpace), (36 bytes).
    Removing rtx_thread.o(.ARM.exidx.text.osThreadGetStackSpace), (8 bytes).
    Removing rtx_thread.o(.text.osThreadSetPriority), (36 bytes).
    Removing rtx_thread.o(.ARM.exidx.text.osThreadSetPriority), (8 bytes).
    Removing rtx_thread.o(.text.osThreadGetPriority), (36 bytes).
    Removing rtx_thread.o(.ARM.exidx.text.osThreadGetPriority), (8 bytes).
    Removing rtx_thread.o(.text.osThreadYield), (36 bytes).
    Removing rtx_thread.o(.ARM.exidx.text.osThreadYield), (8 bytes).
    Removing rtx_thread.o(.text.osThreadSuspend), (36 bytes).
    Removing rtx_thread.o(.ARM.exidx.text.osThreadSuspend), (8 bytes).
    Removing rtx_thread.o(.text.osThreadResume), (36 bytes).
    Removing rtx_thread.o(.ARM.exidx.text.osThreadResume), (8 bytes).
    Removing rtx_thread.o(.text.osThreadDetach), (36 bytes).
    Removing rtx_thread.o(.ARM.exidx.text.osThreadDetach), (8 bytes).
    Removing rtx_thread.o(.ARM.exidx.text.osThreadJoin), (8 bytes).
    Removing rtx_thread.o(.ARM.exidx.text.osThreadExit), (8 bytes).
    Removing rtx_thread.o(.text.osThreadTerminate), (36 bytes).
    Removing rtx_thread.o(.ARM.exidx.text.osThreadTerminate), (8 bytes).
    Removing rtx_thread.o(.text.osThreadGetCount), (36 bytes).
    Removing rtx_thread.o(.ARM.exidx.text.osThreadGetCount), (8 bytes).
    Removing rtx_thread.o(.text.osThreadEnumerate), (36 bytes).
    Removing rtx_thread.o(.ARM.exidx.text.osThreadEnumerate), (8 bytes).
    Removing rtx_thread.o(.text.osThreadFlagsSet), (88 bytes).
    Removing rtx_thread.o(.ARM.exidx.text.osThreadFlagsSet), (8 bytes).
    Removing rtx_thread.o(.text.osThreadFlagsClear), (36 bytes).
    Removing rtx_thread.o(.ARM.exidx.text.osThreadFlagsClear), (8 bytes).
    Removing rtx_thread.o(.text.osThreadFlagsGet), (36 bytes).
    Removing rtx_thread.o(.ARM.exidx.text.osThreadFlagsGet), (8 bytes).
    Removing rtx_thread.o(.text.osThreadFlagsWait), (36 bytes).
    Removing rtx_thread.o(.ARM.exidx.text.osThreadFlagsWait), (8 bytes).
    Removing rtx_thread.o(.ARM.exidx.text.osRtxThreadPostProcess), (8 bytes).
    Removing rtx_thread.o(.ARM.exidx.text.ThreadFlagsCheck), (8 bytes).
    Removing rtx_thread.o(.text.svcRtxThreadGetName), (16 bytes).
    Removing rtx_thread.o(.ARM.exidx.text.svcRtxThreadGetName), (8 bytes).
    Removing rtx_thread.o(.text.svcRtxThreadGetState), (22 bytes).
    Removing rtx_thread.o(.ARM.exidx.text.svcRtxThreadGetState), (8 bytes).
    Removing rtx_thread.o(.text.svcRtxThreadGetStackSize), (16 bytes).
    Removing rtx_thread.o(.ARM.exidx.text.svcRtxThreadGetStackSize), (8 bytes).
    Removing rtx_thread.o(.text.svcRtxThreadGetStackSpace), (60 bytes).
    Removing rtx_thread.o(.ARM.exidx.text.svcRtxThreadGetStackSpace), (8 bytes).
    Removing rtx_thread.o(.text.svcRtxThreadSetPriority), (76 bytes).
    Removing rtx_thread.o(.ARM.exidx.text.svcRtxThreadSetPriority), (8 bytes).
    Removing rtx_thread.o(.text.svcRtxThreadGetPriority), (26 bytes).
    Removing rtx_thread.o(.ARM.exidx.text.svcRtxThreadGetPriority), (8 bytes).
    Removing rtx_thread.o(.text.svcRtxThreadYield), (56 bytes).
    Removing rtx_thread.o(.ARM.exidx.text.svcRtxThreadYield), (8 bytes).
    Removing rtx_thread.o(.text.svcRtxThreadSuspend), (136 bytes).
    Removing rtx_thread.o(.ARM.exidx.text.svcRtxThreadSuspend), (8 bytes).
    Removing rtx_thread.o(.text.svcRtxThreadResume), (56 bytes).
    Removing rtx_thread.o(.ARM.exidx.text.svcRtxThreadResume), (8 bytes).
    Removing rtx_thread.o(.text.svcRtxThreadDetach), (60 bytes).
    Removing rtx_thread.o(.ARM.exidx.text.svcRtxThreadDetach), (8 bytes).
    Removing rtx_thread.o(.ARM.exidx.text.osRtxThreadListUnlink), (8 bytes).
    Removing rtx_thread.o(.ARM.exidx.text.osRtxThreadFree), (8 bytes).
    Removing rtx_thread.o(.ARM.exidx.text.svcRtxThreadJoin), (8 bytes).
    Removing rtx_thread.o(.ARM.exidx.text.svcRtxThreadExit), (8 bytes).
    Removing rtx_thread.o(.text.svcRtxThreadTerminate), (188 bytes).
    Removing rtx_thread.o(.ARM.exidx.text.svcRtxThreadTerminate), (8 bytes).
    Removing rtx_thread.o(.text.svcRtxThreadGetCount), (52 bytes).
    Removing rtx_thread.o(.ARM.exidx.text.svcRtxThreadGetCount), (8 bytes).
    Removing rtx_thread.o(.text.svcRtxThreadEnumerate), (92 bytes).
    Removing rtx_thread.o(.ARM.exidx.text.svcRtxThreadEnumerate), (8 bytes).
    Removing rtx_thread.o(.text.svcRtxThreadFlagsSet), (102 bytes).
    Removing rtx_thread.o(.ARM.exidx.text.svcRtxThreadFlagsSet), (8 bytes).
    Removing rtx_thread.o(.text.svcRtxThreadFlagsClear), (52 bytes).
    Removing rtx_thread.o(.ARM.exidx.text.svcRtxThreadFlagsClear), (8 bytes).
    Removing rtx_thread.o(.text.svcRtxThreadFlagsGet), (20 bytes).
    Removing rtx_thread.o(.ARM.exidx.text.svcRtxThreadFlagsGet), (8 bytes).
    Removing rtx_thread.o(.text.svcRtxThreadFlagsWait), (76 bytes).
    Removing rtx_thread.o(.ARM.exidx.text.svcRtxThreadFlagsWait), (8 bytes).
    Removing irq_cm3.o(.constdata), (1 bytes).
    Removing rtx_timer.o(.text), (0 bytes).
    Removing rtx_timer.o(.ARM.exidx.text.osRtxTimerThread), (8 bytes).
    Removing rtx_timer.o(.ARM.exidx.text.osRtxTimerTick), (8 bytes).
    Removing rtx_timer.o(.text.osTimerNew), (36 bytes).
    Removing rtx_timer.o(.ARM.exidx.text.osTimerNew), (8 bytes).
    Removing rtx_timer.o(.text.osTimerGetName), (36 bytes).
    Removing rtx_timer.o(.ARM.exidx.text.osTimerGetName), (8 bytes).
    Removing rtx_timer.o(.text.osTimerStart), (36 bytes).
    Removing rtx_timer.o(.ARM.exidx.text.osTimerStart), (8 bytes).
    Removing rtx_timer.o(.text.osTimerStop), (36 bytes).
    Removing rtx_timer.o(.ARM.exidx.text.osTimerStop), (8 bytes).
    Removing rtx_timer.o(.text.osTimerIsRunning), (36 bytes).
    Removing rtx_timer.o(.ARM.exidx.text.osTimerIsRunning), (8 bytes).
    Removing rtx_timer.o(.text.osTimerDelete), (36 bytes).
    Removing rtx_timer.o(.ARM.exidx.text.osTimerDelete), (8 bytes).
    Removing rtx_timer.o(.ARM.exidx.text.TimerInsert), (8 bytes).
    Removing rtx_timer.o(.text.svcRtxTimerNew), (120 bytes).
    Removing rtx_timer.o(.ARM.exidx.text.svcRtxTimerNew), (8 bytes).
    Removing rtx_timer.o(.text.svcRtxTimerGetName), (16 bytes).
    Removing rtx_timer.o(.ARM.exidx.text.svcRtxTimerGetName), (8 bytes).
    Removing rtx_timer.o(.text.svcRtxTimerStart), (76 bytes).
    Removing rtx_timer.o(.ARM.exidx.text.svcRtxTimerStart), (8 bytes).
    Removing rtx_timer.o(.text.TimerRemove), (40 bytes).
    Removing rtx_timer.o(.ARM.exidx.text.TimerRemove), (8 bytes).
    Removing rtx_timer.o(.text.svcRtxTimerStop), (40 bytes).
    Removing rtx_timer.o(.ARM.exidx.text.svcRtxTimerStop), (8 bytes).
    Removing rtx_timer.o(.text.svcRtxTimerIsRunning), (24 bytes).
    Removing rtx_timer.o(.ARM.exidx.text.svcRtxTimerIsRunning), (8 bytes).
    Removing rtx_timer.o(.text.svcRtxTimerDelete), (76 bytes).
    Removing rtx_timer.o(.ARM.exidx.text.svcRtxTimerDelete), (8 bytes).
    Removing rtx_mutex.o(.text), (0 bytes).
    Removing rtx_mutex.o(.ARM.exidx.text.osRtxMutexOwnerRelease), (8 bytes).
    Removing rtx_mutex.o(.ARM.exidx.text.osRtxMutexOwnerRestore), (8 bytes).
    Removing rtx_mutex.o(.text.osMutexNew), (36 bytes).
    Removing rtx_mutex.o(.ARM.exidx.text.osMutexNew), (8 bytes).
    Removing rtx_mutex.o(.text.osMutexGetName), (36 bytes).
    Removing rtx_mutex.o(.ARM.exidx.text.osMutexGetName), (8 bytes).
    Removing rtx_mutex.o(.text.osMutexAcquire), (36 bytes).
    Removing rtx_mutex.o(.ARM.exidx.text.osMutexAcquire), (8 bytes).
    Removing rtx_mutex.o(.text.osMutexRelease), (36 bytes).
    Removing rtx_mutex.o(.ARM.exidx.text.osMutexRelease), (8 bytes).
    Removing rtx_mutex.o(.text.osMutexGetOwner), (36 bytes).
    Removing rtx_mutex.o(.ARM.exidx.text.osMutexGetOwner), (8 bytes).
    Removing rtx_mutex.o(.text.osMutexDelete), (36 bytes).
    Removing rtx_mutex.o(.ARM.exidx.text.osMutexDelete), (8 bytes).
    Removing rtx_mutex.o(.text.svcRtxMutexNew), (104 bytes).
    Removing rtx_mutex.o(.ARM.exidx.text.svcRtxMutexNew), (8 bytes).
    Removing rtx_mutex.o(.text.svcRtxMutexGetName), (16 bytes).
    Removing rtx_mutex.o(.ARM.exidx.text.svcRtxMutexGetName), (8 bytes).
    Removing rtx_mutex.o(.text.svcRtxMutexAcquire), (148 bytes).
    Removing rtx_mutex.o(.ARM.exidx.text.svcRtxMutexAcquire), (8 bytes).
    Removing rtx_mutex.o(.text.svcRtxMutexRelease), (180 bytes).
    Removing rtx_mutex.o(.ARM.exidx.text.svcRtxMutexRelease), (8 bytes).
    Removing rtx_mutex.o(.text.svcRtxMutexGetOwner), (20 bytes).
    Removing rtx_mutex.o(.ARM.exidx.text.svcRtxMutexGetOwner), (8 bytes).
    Removing rtx_mutex.o(.text.svcRtxMutexDelete), (176 bytes).
    Removing rtx_mutex.o(.ARM.exidx.text.svcRtxMutexDelete), (8 bytes).
    Removing rtx_memory.o(.text), (0 bytes).
    Removing rtx_memory.o(.ARM.exidx.text.osRtxMemoryInit), (8 bytes).
    Removing rtx_memory.o(.ARM.exidx.text.osRtxMemoryAlloc), (8 bytes).
    Removing rtx_memory.o(.ARM.exidx.text.osRtxMemoryFree), (8 bytes).
    Removing rtx_mempool.o(.text), (0 bytes).
    Removing rtx_mempool.o(.ARM.exidx.text.osRtxMemoryPoolInit), (8 bytes).
    Removing rtx_mempool.o(.ARM.exidx.text.osRtxMemoryPoolAlloc), (8 bytes).
    Removing rtx_mempool.o(.ARM.exidx.text.osRtxMemoryPoolFree), (8 bytes).
    Removing rtx_mempool.o(.text.osMemoryPoolNew), (36 bytes).
    Removing rtx_mempool.o(.ARM.exidx.text.osMemoryPoolNew), (8 bytes).
    Removing rtx_mempool.o(.text.osMemoryPoolGetName), (36 bytes).
    Removing rtx_mempool.o(.ARM.exidx.text.osMemoryPoolGetName), (8 bytes).
    Removing rtx_mempool.o(.text.osMemoryPoolAlloc), (104 bytes).
    Removing rtx_mempool.o(.ARM.exidx.text.osMemoryPoolAlloc), (8 bytes).
    Removing rtx_mempool.o(.text.osMemoryPoolFree), (72 bytes).
    Removing rtx_mempool.o(.ARM.exidx.text.osMemoryPoolFree), (8 bytes).
    Removing rtx_mempool.o(.text.osMemoryPoolGetCapacity), (48 bytes).
    Removing rtx_mempool.o(.ARM.exidx.text.osMemoryPoolGetCapacity), (8 bytes).
    Removing rtx_mempool.o(.text.svcRtxMemoryPoolGetCapacity), (16 bytes).
    Removing rtx_mempool.o(.ARM.exidx.text.svcRtxMemoryPoolGetCapacity), (8 bytes).
    Removing rtx_mempool.o(.text.osMemoryPoolGetBlockSize), (48 bytes).
    Removing rtx_mempool.o(.ARM.exidx.text.osMemoryPoolGetBlockSize), (8 bytes).
    Removing rtx_mempool.o(.text.svcRtxMemoryPoolGetBlockSize), (16 bytes).
    Removing rtx_mempool.o(.ARM.exidx.text.svcRtxMemoryPoolGetBlockSize), (8 bytes).
    Removing rtx_mempool.o(.text.osMemoryPoolGetCount), (48 bytes).
    Removing rtx_mempool.o(.ARM.exidx.text.osMemoryPoolGetCount), (8 bytes).
    Removing rtx_mempool.o(.text.svcRtxMemoryPoolGetCount), (16 bytes).
    Removing rtx_mempool.o(.ARM.exidx.text.svcRtxMemoryPoolGetCount), (8 bytes).
    Removing rtx_mempool.o(.text.osMemoryPoolGetSpace), (36 bytes).
    Removing rtx_mempool.o(.ARM.exidx.text.osMemoryPoolGetSpace), (8 bytes).
    Removing rtx_mempool.o(.text.svcRtxMemoryPoolGetSpace), (20 bytes).
    Removing rtx_mempool.o(.ARM.exidx.text.svcRtxMemoryPoolGetSpace), (8 bytes).
    Removing rtx_mempool.o(.text.osMemoryPoolDelete), (36 bytes).
    Removing rtx_mempool.o(.ARM.exidx.text.osMemoryPoolDelete), (8 bytes).
    Removing rtx_mempool.o(.text.svcRtxMemoryPoolNew), (328 bytes).
    Removing rtx_mempool.o(.ARM.exidx.text.svcRtxMemoryPoolNew), (8 bytes).
    Removing rtx_mempool.o(.text.osRtxMemoryPoolPostProcess), (72 bytes).
    Removing rtx_mempool.o(.ARM.exidx.text.osRtxMemoryPoolPostProcess), (8 bytes).
    Removing rtx_mempool.o(.text.svcRtxMemoryPoolGetName), (16 bytes).
    Removing rtx_mempool.o(.ARM.exidx.text.svcRtxMemoryPoolGetName), (8 bytes).
    Removing rtx_mempool.o(.text.svcRtxMemoryPoolAlloc), (92 bytes).
    Removing rtx_mempool.o(.ARM.exidx.text.svcRtxMemoryPoolAlloc), (8 bytes).
    Removing rtx_mempool.o(.text.svcRtxMemoryPoolFree), (100 bytes).
    Removing rtx_mempool.o(.ARM.exidx.text.svcRtxMemoryPoolFree), (8 bytes).
    Removing rtx_mempool.o(.text.svcRtxMemoryPoolDelete), (108 bytes).
    Removing rtx_mempool.o(.ARM.exidx.text.svcRtxMemoryPoolDelete), (8 bytes).
    Removing rtx_system.o(.text), (0 bytes).
    Removing rtx_system.o(.ARM.exidx.text.osRtxTick_Handler), (8 bytes).
    Removing rtx_system.o(.ARM.exidx.text.osRtxPendSV_Handler), (8 bytes).
    Removing rtx_system.o(.ARM.exidx.text.osRtxPostProcess), (8 bytes).
    Removing os_systick.o(.text), (0 bytes).
    Removing os_systick.o(.ARM.exidx.text.OS_Tick_Setup), (8 bytes).
    Removing os_systick.o(.ARM.exidx.text.OS_Tick_Enable), (8 bytes).
    Removing os_systick.o(.text.OS_Tick_Disable), (44 bytes).
    Removing os_systick.o(.ARM.exidx.text.OS_Tick_Disable), (8 bytes).
    Removing os_systick.o(.ARM.exidx.text.OS_Tick_AcknowledgeIRQ), (8 bytes).
    Removing os_systick.o(.ARM.exidx.text.OS_Tick_GetIRQn), (8 bytes).
    Removing os_systick.o(.text.OS_Tick_GetClock), (12 bytes).
    Removing os_systick.o(.ARM.exidx.text.OS_Tick_GetClock), (8 bytes).
    Removing os_systick.o(.text.OS_Tick_GetInterval), (12 bytes).
    Removing os_systick.o(.ARM.exidx.text.OS_Tick_GetInterval), (8 bytes).
    Removing os_systick.o(.text.OS_Tick_GetCount), (16 bytes).
    Removing os_systick.o(.ARM.exidx.text.OS_Tick_GetCount), (8 bytes).
    Removing os_systick.o(.text.OS_Tick_GetOverflow), (16 bytes).
    Removing os_systick.o(.ARM.exidx.text.OS_Tick_GetOverflow), (8 bytes).
    Removing rtx_msgqueue.o(.text), (0 bytes).
    Removing rtx_msgqueue.o(.ARM.exidx.text.osMessageQueueNew), (8 bytes).
    Removing rtx_msgqueue.o(.text.osMessageQueueGetName), (36 bytes).
    Removing rtx_msgqueue.o(.ARM.exidx.text.osMessageQueueGetName), (8 bytes).
    Removing rtx_msgqueue.o(.ARM.exidx.text.osMessageQueuePut), (8 bytes).
    Removing rtx_msgqueue.o(.ARM.exidx.text.osMessageQueueGet), (8 bytes).
    Removing rtx_msgqueue.o(.text.osMessageQueueGetCapacity), (48 bytes).
    Removing rtx_msgqueue.o(.ARM.exidx.text.osMessageQueueGetCapacity), (8 bytes).
    Removing rtx_msgqueue.o(.text.svcRtxMessageQueueGetCapacity), (16 bytes).
    Removing rtx_msgqueue.o(.ARM.exidx.text.svcRtxMessageQueueGetCapacity), (8 bytes).
    Removing rtx_msgqueue.o(.text.osMessageQueueGetMsgSize), (48 bytes).
    Removing rtx_msgqueue.o(.ARM.exidx.text.osMessageQueueGetMsgSize), (8 bytes).
    Removing rtx_msgqueue.o(.text.svcRtxMessageQueueGetMsgSize), (16 bytes).
    Removing rtx_msgqueue.o(.ARM.exidx.text.svcRtxMessageQueueGetMsgSize), (8 bytes).
    Removing rtx_msgqueue.o(.text.osMessageQueueGetCount), (48 bytes).
    Removing rtx_msgqueue.o(.ARM.exidx.text.osMessageQueueGetCount), (8 bytes).
    Removing rtx_msgqueue.o(.text.svcRtxMessageQueueGetCount), (16 bytes).
    Removing rtx_msgqueue.o(.ARM.exidx.text.svcRtxMessageQueueGetCount), (8 bytes).
    Removing rtx_msgqueue.o(.text.osMessageQueueGetSpace), (36 bytes).
    Removing rtx_msgqueue.o(.ARM.exidx.text.osMessageQueueGetSpace), (8 bytes).
    Removing rtx_msgqueue.o(.text.svcRtxMessageQueueGetSpace), (20 bytes).
    Removing rtx_msgqueue.o(.ARM.exidx.text.svcRtxMessageQueueGetSpace), (8 bytes).
    Removing rtx_msgqueue.o(.text.osMessageQueueReset), (36 bytes).
    Removing rtx_msgqueue.o(.ARM.exidx.text.osMessageQueueReset), (8 bytes).
    Removing rtx_msgqueue.o(.text.osMessageQueueDelete), (36 bytes).
    Removing rtx_msgqueue.o(.ARM.exidx.text.osMessageQueueDelete), (8 bytes).
    Removing rtx_msgqueue.o(.ARM.exidx.text.svcRtxMessageQueueNew), (8 bytes).
    Removing rtx_msgqueue.o(.ARM.exidx.text.osRtxMessageQueuePostProcess), (8 bytes).
    Removing rtx_msgqueue.o(.ARM.exidx.text.MessageQueueRemove), (8 bytes).
    Removing rtx_msgqueue.o(.ARM.exidx.text.MessageQueuePut), (8 bytes).
    Removing rtx_msgqueue.o(.text.svcRtxMessageQueueGetName), (16 bytes).
    Removing rtx_msgqueue.o(.ARM.exidx.text.svcRtxMessageQueueGetName), (8 bytes).
    Removing rtx_msgqueue.o(.ARM.exidx.text.svcRtxMessageQueuePut), (8 bytes).
    Removing rtx_msgqueue.o(.ARM.exidx.text.MessageQueueGet), (8 bytes).
    Removing rtx_msgqueue.o(.ARM.exidx.text.svcRtxMessageQueueGet), (8 bytes).
    Removing rtx_msgqueue.o(.text.svcRtxMessageQueueReset), (168 bytes).
    Removing rtx_msgqueue.o(.ARM.exidx.text.svcRtxMessageQueueReset), (8 bytes).
    Removing rtx_msgqueue.o(.text.svcRtxMessageQueueDelete), (112 bytes).
    Removing rtx_msgqueue.o(.ARM.exidx.text.svcRtxMessageQueueDelete), (8 bytes).
    Removing dadd.o(.text), (334 bytes).
    Removing dmul.o(.text), (228 bytes).
    Removing ddiv.o(.text), (222 bytes).
    Removing dfixul.o(.text), (48 bytes).
    Removing cdrcmple.o(.text), (48 bytes).
    Removing depilogue.o(.text), (186 bytes).

363 unused section(s) (total 9611 bytes) removed from the image.

==============================================================================

Image Symbol Table

    Local Symbols

    Symbol Name                              Value     Ov Type        Size  Object(Section)

    RESET                                    0x00000000   Section      204  startup_lpc17xx.o(RESET)
    ../clib/../cmprslib/zerorunl.c           0x00000000   Number         0  __dczerorl.o ABSOLUTE
    ../clib/microlib/division.c              0x00000000   Number         0  uldiv.o ABSOLUTE
    ../clib/microlib/division.c              0x00000000   Number         0  uidiv.o ABSOLUTE
    ../clib/microlib/init/entry.s            0x00000000   Number         0  entry8a.o ABSOLUTE
    ../clib/microlib/init/entry.s            0x00000000   Number         0  entry8b.o ABSOLUTE
    ../clib/microlib/init/entry.s            0x00000000   Number         0  entry9a.o ABSOLUTE
    ../clib/microlib/init/entry.s            0x00000000   Number         0  entry9b.o ABSOLUTE
    ../clib/microlib/init/entry.s            0x00000000   Number         0  entry10a.o ABSOLUTE
    ../clib/microlib/init/entry.s            0x00000000   Number         0  entry10b.o ABSOLUTE
    ../clib/microlib/init/entry.s            0x00000000   Number         0  entry11a.o ABSOLUTE
    ../clib/microlib/init/entry.s            0x00000000   Number         0  entry7b.o ABSOLUTE
    ../clib/microlib/init/entry.s            0x00000000   Number         0  entry2.o ABSOLUTE
    ../clib/microlib/init/entry.s            0x00000000   Number         0  entry5.o ABSOLUTE
    ../clib/microlib/init/entry.s            0x00000000   Number         0  entry7a.o ABSOLUTE
    ../clib/microlib/init/entry.s            0x00000000   Number         0  entry.o ABSOLUTE
    ../clib/microlib/init/entry.s            0x00000000   Number         0  entry11b.o ABSOLUTE
    ../clib/microlib/longlong.c              0x00000000   Number         0  llushr.o ABSOLUTE
    ../clib/microlib/longlong.c              0x00000000   Number         0  llshl.o ABSOLUTE
    ../clib/microlib/longlong.c              0x00000000   Number         0  llsshr.o ABSOLUTE
    ../clib/microlib/printf/printf.c         0x00000000   Number         0  printf5.o ABSOLUTE
    ../clib/microlib/printf/printf.c         0x00000000   Number         0  printf1.o ABSOLUTE
    ../clib/microlib/printf/printf.c         0x00000000   Number         0  printf0.o ABSOLUTE
    ../clib/microlib/printf/printf.c         0x00000000   Number         0  printfa.o ABSOLUTE
    ../clib/microlib/printf/printf.c         0x00000000   Number         0  printf8.o ABSOLUTE
    ../clib/microlib/printf/printf.c         0x00000000   Number         0  printfb.o ABSOLUTE
    ../clib/microlib/printf/printf.c         0x00000000   Number         0  printf7.o ABSOLUTE
    ../clib/microlib/printf/printf.c         0x00000000   Number         0  printf6.o ABSOLUTE
    ../clib/microlib/printf/printf.c         0x00000000   Number         0  printf4.o ABSOLUTE
    ../clib/microlib/printf/printf.c         0x00000000   Number         0  printf3.o ABSOLUTE
    ../clib/microlib/printf/printf.c         0x00000000   Number         0  printf2.o ABSOLUTE
    ../clib/microlib/printf/stubs.s          0x00000000   Number         0  stubs.o ABSOLUTE
    ../clib/microlib/stdio/fputs.c           0x00000000   Number         0  fputs.o ABSOLUTE
    ../clib/microlib/stdio/fputs.c           0x00000000   Number         0  fputs_e.o ABSOLUTE
    ../clib/microlib/stdio/streams.c         0x00000000   Number         0  stdin.o ABSOLUTE
    ../clib/microlib/stdio/streams.c         0x00000000   Number         0  stdout.o ABSOLUTE
    ../clib/microlib/stdio/streams.c         0x00000000   Number         0  stderr.o ABSOLUTE
    ../clib/microlib/stdlib/rand.c           0x00000000   Number         0  rand.o ABSOLUTE
    ../clib/microlib/string/memcpy.c         0x00000000   Number         0  memcpya.o ABSOLUTE
    ../clib/microlib/string/memcpy.c         0x00000000   Number         0  memcpyb.o ABSOLUTE
    ../clib/microlib/string/memset.c         0x00000000   Number         0  memseta.o ABSOLUTE
    ../clib/microlib/stubs.s                 0x00000000   Number         0  iusefp.o ABSOLUTE
    ../fplib/microlib/fpadd.c                0x00000000   Number         0  dadd.o ABSOLUTE
    ../fplib/microlib/fpdiv.c                0x00000000   Number         0  ddiv.o ABSOLUTE
    ../fplib/microlib/fpepilogue.c           0x00000000   Number         0  depilogue.o ABSOLUTE
    ../fplib/microlib/fpfix.c                0x00000000   Number         0  dfixul.o ABSOLUTE
    ../fplib/microlib/fpmul.c                0x00000000   Number         0  dmul.o ABSOLUTE
    ..\..\..\Source\ARM\irq_cm3.s            0x00000000   Number         0  irq_cm3.o ABSOLUTE
    C:\Users\samiy\AppData\Local\Arm\Packs\ARM\CMSIS\5.7.0\CMSIS\RTOS2\RTX\Source\rtx_lib.c 0x00000000   Number         0  rtx_lib.o ABSOLUTE
    C:\Users\samiy\AppData\Local\Arm\Packs\Keil\ARM_Compiler\1.6.3\Source\retarget_io.c 0x00000000   Number         0  retarget_io.o ABSOLUTE
    C:\Users\samiy\AppData\Local\Arm\Packs\Keil\LPC1700_DFP\2.6.0\Boards\Keil\MCB1700\Common\Joystick_MCB1700.c 0x00000000   Number         0  joystick_mcb1700.o ABSOLUTE
    C:\Users\samiy\AppData\Local\Arm\Packs\Keil\LPC1700_DFP\2.6.0\Boards\Keil\MCB1700\Common\LED_MCB1700.c 0x00000000   Number         0  led_mcb1700.o ABSOLUTE
    C:\Users\samiy\AppData\Local\Arm\Packs\Keil\LPC1700_DFP\2.6.0\RTE_Driver\GPIO_LPC17xx.c 0x00000000   Number         0  gpio_lpc17xx.o ABSOLUTE
    C:\Users\samiy\AppData\Local\Arm\Packs\Keil\LPC1700_DFP\2.6.0\RTE_Driver\PIN_LPC17xx.c 0x00000000   Number         0  pin_lpc17xx.o ABSOLUTE
    C:\\Users\\samiy\\AppData\\Local\\Arm\\Packs\\ARM\\CMSIS\\5.7.0\\CMSIS\\RTOS2\\RTX\\Source\\rtx_lib.c 0x00000000   Number         0  rtx_lib.o ABSOLUTE
    C:\\Users\\samiy\\AppData\\Local\\Arm\\Packs\\Keil\\LPC1700_DFP\\2.6.0\\Boards\\Keil\\MCB1700\\Common\\Joystick_MCB1700.c 0x00000000   Number         0  joystick_mcb1700.o ABSOLUTE
    C:\\Users\\samiy\\AppData\\Local\\Arm\\Packs\\Keil\\LPC1700_DFP\\2.6.0\\Boards\\Keil\\MCB1700\\Common\\LED_MCB1700.c 0x00000000   Number         0  led_mcb1700.o ABSOLUTE
    C:\\Users\\samiy\\AppData\\Local\\Arm\\Packs\\Keil\\LPC1700_DFP\\2.6.0\\RTE_Driver\\GPIO_LPC17xx.c 0x00000000   Number         0  gpio_lpc17xx.o ABSOLUTE
    C:\\Users\\samiy\\AppData\\Local\\Arm\\Packs\\Keil\\LPC1700_DFP\\2.6.0\\RTE_Driver\\PIN_LPC17xx.c 0x00000000   Number         0  pin_lpc17xx.o ABSOLUTE
    RTE\CMSIS\RTX_Config.c                   0x00000000   Number         0  rtx_config.o ABSOLUTE
    RTE\Device\LPC1768\startup_LPC17xx.s     0x00000000   Number         0  startup_lpc17xx.o ABSOLUTE
    RTE\Device\LPC1768\system_LPC17xx.c      0x00000000   Number         0  system_lpc17xx.o ABSOLUTE
    RTE\\CMSIS\\RTX_Config.c                 0x00000000   Number         0  rtx_config.o ABSOLUTE
    RTE\\Device\\LPC1768\\system_LPC17xx.c   0x00000000   Number         0  system_lpc17xx.o ABSOLUTE
    Thread.c                                 0x00000000   Number         0  thread.o ABSOLUTE
    cdrcmple.s                               0x00000000   Number         0  cdrcmple.o ABSOLUTE
    dc.s                                     0x00000000   Number         0  dc.o ABSOLUTE
    handlers.s                               0x00000000   Number         0  handlers.o ABSOLUTE
    init.s                                   0x00000000   Number         0  init.o ABSOLUTE
    main.c                                   0x00000000   Number         0  main.o ABSOLUTE
    main.c                                   0x00000000   Number         0  main.o ABSOLUTE
    os_systick.c                             0x00000000   Number         0  os_systick.o ABSOLUTE
    rtx_kernel.c                             0x00000000   Number         0  rtx_kernel.o ABSOLUTE
    rtx_memory.c                             0x00000000   Number         0  rtx_memory.o ABSOLUTE
    rtx_mempool.c                            0x00000000   Number         0  rtx_mempool.o ABSOLUTE
    rtx_msgqueue.c                           0x00000000   Number         0  rtx_msgqueue.o ABSOLUTE
    rtx_mutex.c                              0x00000000   Number         0  rtx_mutex.o ABSOLUTE
    rtx_system.c                             0x00000000   Number         0  rtx_system.o ABSOLUTE
    rtx_thread.c                             0x00000000   Number         0  rtx_thread.o ABSOLUTE
    rtx_timer.c                              0x00000000   Number         0  rtx_timer.o ABSOLUTE
    .ARM.Collect$$$$00000000                 0x000000cc   Section        0  entry.o(.ARM.Collect$$$$00000000)
    .ARM.Collect$$$$00000001                 0x000000cc   Section        4  entry2.o(.ARM.Collect$$$$00000001)
    .ARM.Collect$$$$00000004                 0x000000d0   Section        4  entry5.o(.ARM.Collect$$$$00000004)
    .ARM.Collect$$$$00000008                 0x000000d4   Section        0  entry7b.o(.ARM.Collect$$$$00000008)
    .ARM.Collect$$$$0000000A                 0x000000d4   Section        0  entry8b.o(.ARM.Collect$$$$0000000A)
    .ARM.Collect$$$$0000000B                 0x000000d4   Section        8  entry9a.o(.ARM.Collect$$$$0000000B)
    .ARM.Collect$$$$0000000D                 0x000000dc   Section        0  entry10a.o(.ARM.Collect$$$$0000000D)
    .ARM.Collect$$$$0000000F                 0x000000dc   Section        0  entry11a.o(.ARM.Collect$$$$0000000F)
    .ARM.Collect$$$$00002712                 0x000000dc   Section        4  entry2.o(.ARM.Collect$$$$00002712)
    __lit__00000000                          0x000000dc   Data           4  entry2.o(.ARM.Collect$$$$00002712)
    .text                                    0x000000e0   Section       36  startup_lpc17xx.o(.text)
    .text                                    0x00000104   Section      148  irq_cm3.o(.text)
    .text                                    0x00000198   Section        0  uldiv.o(.text)
    .text                                    0x000001fc   Section        0  rand.o(.text)
    .text                                    0x00000220   Section        0  memcpya.o(.text)
    .text                                    0x00000244   Section        0  memseta.o(.text)
    .text                                    0x00000268   Section        0  uidiv.o(.text)
    .text                                    0x00000294   Section        0  llshl.o(.text)
    .text                                    0x000002b2   Section        0  llushr.o(.text)
    .text                                    0x000002d4   Section       36  init.o(.text)
    [Anonymous Symbol]                       0x000002f8   Section        0  rtx_kernel.o(.text.osRtxKernelPreInit)
    i.__scatterload_null                     0x000002fa   Section        2  handlers.o(i.__scatterload_null)
    .ARM.__at_0x02FC                         0x000002fc   Section        4  startup_lpc17xx.o(.ARM.__at_0x02FC)
    .text                                    0x00000300   Section        0  __dczerorl.o(.text)
    [Anonymous Symbol]                       0x0000033a   Section        0  rtx_msgqueue.o(.text.MessageQueueGet)
    MessageQueueGet                          0x0000033b   Thumb Code    64  rtx_msgqueue.o(.text.MessageQueueGet)
    [Anonymous Symbol]                       0x0000037a   Section        0  rtx_msgqueue.o(.text.MessageQueuePut)
    MessageQueuePut                          0x0000037b   Thumb Code    88  rtx_msgqueue.o(.text.MessageQueuePut)
    [Anonymous Symbol]                       0x000003d2   Section        0  rtx_msgqueue.o(.text.MessageQueueRemove)
    MessageQueueRemove                       0x000003d3   Thumb Code    28  rtx_msgqueue.o(.text.MessageQueueRemove)
    [Anonymous Symbol]                       0x000003f0   Section        0  os_systick.o(.text.OS_Tick_AcknowledgeIRQ)
    __arm_cp.3_0                             0x000003f8   Number         4  os_systick.o(.text.OS_Tick_AcknowledgeIRQ)
    [Anonymous Symbol]                       0x000003fc   Section        0  os_systick.o(.text.OS_Tick_Enable)
    __arm_cp.1_0                             0x0000041c   Number         4  os_systick.o(.text.OS_Tick_Enable)
    __arm_cp.1_1                             0x00000420   Number         4  os_systick.o(.text.OS_Tick_Enable)
    __arm_cp.1_2                             0x00000424   Number         4  os_systick.o(.text.OS_Tick_Enable)
    [Anonymous Symbol]                       0x00000428   Section        0  os_systick.o(.text.OS_Tick_GetIRQn)
    [Anonymous Symbol]                       0x00000430   Section        0  os_systick.o(.text.OS_Tick_Setup)
    __arm_cp.0_0                             0x00000460   Number         4  os_systick.o(.text.OS_Tick_Setup)
    __arm_cp.0_1                             0x00000464   Number         4  os_systick.o(.text.OS_Tick_Setup)
    __arm_cp.0_2                             0x00000468   Number         4  os_systick.o(.text.OS_Tick_Setup)
    __arm_cp.0_3                             0x0000046c   Number         4  os_systick.o(.text.OS_Tick_Setup)
    [Anonymous Symbol]                       0x00000470   Section        0  rtx_thread.o(.text.ThreadFlagsCheck)
    ThreadFlagsCheck                         0x00000471   Thumb Code   110  rtx_thread.o(.text.ThreadFlagsCheck)
    [Anonymous Symbol]                       0x000004e0   Section        0  rtx_timer.o(.text.TimerInsert)
    TimerInsert                              0x000004e1   Thumb Code    72  rtx_timer.o(.text.TimerInsert)
    __arm_cp.8_0                             0x00000524   Number         4  rtx_timer.o(.text.TimerInsert)
    [Anonymous Symbol]                       0x00000528   Section        0  rtx_kernel.o(.text.osKernelInitialize)
    __arm_cp.1_0                             0x00000550   Number         4  rtx_kernel.o(.text.osKernelInitialize)
    [Anonymous Symbol]                       0x00000554   Section        0  rtx_kernel.o(.text.osKernelStart)
    __arm_cp.6_0                             0x00000574   Number         4  rtx_kernel.o(.text.osKernelStart)
    [Anonymous Symbol]                       0x00000578   Section        0  rtx_msgqueue.o(.text.osMessageQueueGet)
    __arm_cp.3_0                             0x000005e0   Number         4  rtx_msgqueue.o(.text.osMessageQueueGet)
    [Anonymous Symbol]                       0x000005e4   Section        0  rtx_msgqueue.o(.text.osMessageQueueNew)
    __arm_cp.0_0                             0x00000604   Number         4  rtx_msgqueue.o(.text.osMessageQueueNew)
    [Anonymous Symbol]                       0x00000608   Section        0  rtx_msgqueue.o(.text.osMessageQueuePut)
    __arm_cp.2_0                             0x0000067c   Number         4  rtx_msgqueue.o(.text.osMessageQueuePut)
    [Anonymous Symbol]                       0x00000680   Section        0  rtx_memory.o(.text.osRtxMemoryAlloc)
    [Anonymous Symbol]                       0x000006f0   Section        0  rtx_memory.o(.text.osRtxMemoryFree)
    [Anonymous Symbol]                       0x00000736   Section        0  rtx_memory.o(.text.osRtxMemoryInit)
    [Anonymous Symbol]                       0x00000772   Section        0  rtx_mempool.o(.text.osRtxMemoryPoolAlloc)
    [Anonymous Symbol]                       0x000007ac   Section        0  rtx_mempool.o(.text.osRtxMemoryPoolFree)
    [Anonymous Symbol]                       0x000007f6   Section        0  rtx_mempool.o(.text.osRtxMemoryPoolInit)
    [Anonymous Symbol]                       0x0000082c   Section        0  rtx_msgqueue.o(.text.osRtxMessageQueuePostProcess)
    osRtxMessageQueuePostProcess             0x0000082d   Thumb Code   186  rtx_msgqueue.o(.text.osRtxMessageQueuePostProcess)
    [Anonymous Symbol]                       0x000008e6   Section        0  rtx_mutex.o(.text.osRtxMutexOwnerRelease)
    [Anonymous Symbol]                       0x0000092e   Section        0  rtx_mutex.o(.text.osRtxMutexOwnerRestore)
    [Anonymous Symbol]                       0x00000970   Section        0  rtx_system.o(.text.osRtxPendSV_Handler)
    __arm_cp.1_0                             0x000009f8   Number         4  rtx_system.o(.text.osRtxPendSV_Handler)
    [Anonymous Symbol]                       0x000009fc   Section        0  rtx_system.o(.text.osRtxPostProcess)
    __arm_cp.2_0                             0x00000a68   Number         4  rtx_system.o(.text.osRtxPostProcess)
    __arm_cp.2_1                             0x00000a6c   Number         4  rtx_system.o(.text.osRtxPostProcess)
    [Anonymous Symbol]                       0x00000a70   Section        0  rtx_thread.o(.text.osRtxThreadBlock)
    osRtxThreadBlock                         0x00000a71   Thumb Code    56  rtx_thread.o(.text.osRtxThreadBlock)
    __arm_cp.11_0                            0x00000aa4   Number         4  rtx_thread.o(.text.osRtxThreadBlock)
    [Anonymous Symbol]                       0x00000aa8   Section        0  rtx_thread.o(.text.osRtxThreadDelayInsert)
    osRtxThreadDelayInsert                   0x00000aa9   Thumb Code   116  rtx_thread.o(.text.osRtxThreadDelayInsert)
    __arm_cp.15_0                            0x00000b18   Number         4  rtx_thread.o(.text.osRtxThreadDelayInsert)
    [Anonymous Symbol]                       0x00000b1c   Section        0  rtx_thread.o(.text.osRtxThreadDelayRemove)
    osRtxThreadDelayRemove                   0x00000b1d   Thumb Code    60  rtx_thread.o(.text.osRtxThreadDelayRemove)
    __arm_cp.13_0                            0x00000b54   Number         4  rtx_thread.o(.text.osRtxThreadDelayRemove)
    [Anonymous Symbol]                       0x00000b58   Section        0  rtx_thread.o(.text.osRtxThreadDelayTick)
    __arm_cp.5_0                             0x00000ba0   Number         4  rtx_thread.o(.text.osRtxThreadDelayTick)
    [Anonymous Symbol]                       0x00000ba4   Section        0  rtx_thread.o(.text.osRtxThreadDispatch)
    __arm_cp.10_0                            0x00000bf8   Number         4  rtx_thread.o(.text.osRtxThreadDispatch)
    [Anonymous Symbol]                       0x00000bfc   Section        0  rtx_thread.o(.text.osRtxThreadFree)
    osRtxThreadFree                          0x00000bfd   Thumb Code    88  rtx_thread.o(.text.osRtxThreadFree)
    __arm_cp.53_0                            0x00000c50   Number         4  rtx_thread.o(.text.osRtxThreadFree)
    [Anonymous Symbol]                       0x00000c54   Section        0  rtx_thread.o(.text.osRtxThreadListGet)
    [Anonymous Symbol]                       0x00000c66   Section        0  rtx_thread.o(.text.osRtxThreadListPut)
    [Anonymous Symbol]                       0x00000c92   Section        0  rtx_thread.o(.text.osRtxThreadListRemove)
    [Anonymous Symbol]                       0x00000ca6   Section        0  rtx_thread.o(.text.osRtxThreadListRoot)
    osRtxThreadListRoot                      0x00000ca7   Thumb Code    12  rtx_thread.o(.text.osRtxThreadListRoot)
    [Anonymous Symbol]                       0x00000cb2   Section        0  rtx_thread.o(.text.osRtxThreadListSort)
    [Anonymous Symbol]                       0x00000cd8   Section        0  rtx_thread.o(.text.osRtxThreadListUnlink)
    osRtxThreadListUnlink                    0x00000cd9   Thumb Code    32  rtx_thread.o(.text.osRtxThreadListUnlink)
    __arm_cp.52_0                            0x00000cf4   Number         4  rtx_thread.o(.text.osRtxThreadListUnlink)
    [Anonymous Symbol]                       0x00000cf8   Section        0  rtx_thread.o(.text.osRtxThreadPostProcess)
    osRtxThreadPostProcess                   0x00000cf9   Thumb Code    40  rtx_thread.o(.text.osRtxThreadPostProcess)
    [Anonymous Symbol]                       0x00000d20   Section        0  rtx_thread.o(.text.osRtxThreadReadyPut)
    __arm_cp.4_0                             0x00000d30   Number         4  rtx_thread.o(.text.osRtxThreadReadyPut)
    [Anonymous Symbol]                       0x00000d34   Section        0  rtx_thread.o(.text.osRtxThreadRegPtr)
    [Anonymous Symbol]                       0x00000d3c   Section        0  rtx_thread.o(.text.osRtxThreadStackCheck)
    __arm_cp.9_0                             0x00000d5c   Number         4  rtx_thread.o(.text.osRtxThreadStackCheck)
    __arm_cp.9_1                             0x00000d60   Number         4  rtx_thread.o(.text.osRtxThreadStackCheck)
    [Anonymous Symbol]                       0x00000d64   Section        0  rtx_thread.o(.text.osRtxThreadStartup)
    __arm_cp.16_0                            0x00000d94   Number         4  rtx_thread.o(.text.osRtxThreadStartup)
    __arm_cp.16_1                            0x00000d98   Number         4  rtx_thread.o(.text.osRtxThreadStartup)
    __arm_cp.16_2                            0x00000d9c   Number         4  rtx_thread.o(.text.osRtxThreadStartup)
    __arm_cp.16_3                            0x00000da0   Number         4  rtx_thread.o(.text.osRtxThreadStartup)
    [Anonymous Symbol]                       0x00000da4   Section        0  rtx_thread.o(.text.osRtxThreadSwitch)
    __arm_cp.8_0                             0x00000db0   Number         4  rtx_thread.o(.text.osRtxThreadSwitch)
    [Anonymous Symbol]                       0x00000db4   Section        0  rtx_thread.o(.text.osRtxThreadWaitEnter)
    __arm_cp.14_0                            0x00000de8   Number         4  rtx_thread.o(.text.osRtxThreadWaitEnter)
    [Anonymous Symbol]                       0x00000dec   Section        0  rtx_thread.o(.text.osRtxThreadWaitExit)
    [Anonymous Symbol]                       0x00000e10   Section        0  rtx_system.o(.text.osRtxTick_Handler)
    __arm_cp.0_0                             0x00000e7c   Number         4  rtx_system.o(.text.osRtxTick_Handler)
    [Anonymous Symbol]                       0x00000e80   Section        0  rtx_timer.o(.text.osRtxTimerThread)
    __arm_cp.0_0                             0x00000eb0   Number         4  rtx_timer.o(.text.osRtxTimerThread)
    __arm_cp.0_1                             0x00000eb4   Number         4  rtx_timer.o(.text.osRtxTimerThread)
    __arm_cp.0_2                             0x00000eb8   Number         4  rtx_timer.o(.text.osRtxTimerThread)
    [Anonymous Symbol]                       0x00000ebc   Section        0  rtx_timer.o(.text.osRtxTimerTick)
    osRtxTimerTick                           0x00000ebd   Thumb Code    84  rtx_timer.o(.text.osRtxTimerTick)
    __arm_cp.1_0                             0x00000f0c   Number         4  rtx_timer.o(.text.osRtxTimerTick)
    [Anonymous Symbol]                       0x00000f10   Section        0  rtx_thread.o(.text.osThreadExit)
    __arm_cp.32_0                            0x00000f18   Number         4  rtx_thread.o(.text.osThreadExit)
    [Anonymous Symbol]                       0x00000f1c   Section        0  rtx_thread.o(.text.osThreadJoin)
    __arm_cp.31_0                            0x00000f3c   Number         4  rtx_thread.o(.text.osThreadJoin)
    [Anonymous Symbol]                       0x00000f40   Section        0  rtx_thread.o(.text.osThreadNew)
    __arm_cp.18_0                            0x00000f60   Number         4  rtx_thread.o(.text.osThreadNew)
    [Anonymous Symbol]                       0x00000f64   Section        0  rtx_kernel.o(.text.svcRtxKernelInitialize)
    svcRtxKernelInitialize                   0x00000f65   Thumb Code   336  rtx_kernel.o(.text.svcRtxKernelInitialize)
    __arm_cp.20_0                            0x000010a8   Number         4  rtx_kernel.o(.text.svcRtxKernelInitialize)
    __arm_cp.20_1                            0x000010ac   Number         4  rtx_kernel.o(.text.svcRtxKernelInitialize)
    __arm_cp.20_2                            0x000010b0   Number         4  rtx_kernel.o(.text.svcRtxKernelInitialize)
    [Anonymous Symbol]                       0x000010b4   Section        0  rtx_kernel.o(.text.svcRtxKernelStart)
    svcRtxKernelStart                        0x000010b5   Thumb Code   136  rtx_kernel.o(.text.svcRtxKernelStart)
    __arm_cp.21_0                            0x0000112c   Number         4  rtx_kernel.o(.text.svcRtxKernelStart)
    __arm_cp.21_1                            0x00001130   Number         4  rtx_kernel.o(.text.svcRtxKernelStart)
    __arm_cp.21_2                            0x00001134   Number         4  rtx_kernel.o(.text.svcRtxKernelStart)
    __arm_cp.21_3                            0x00001138   Number         4  rtx_kernel.o(.text.svcRtxKernelStart)
    [Anonymous Symbol]                       0x0000113c   Section        0  rtx_msgqueue.o(.text.svcRtxMessageQueueGet)
    svcRtxMessageQueueGet                    0x0000113d   Thumb Code   224  rtx_msgqueue.o(.text.svcRtxMessageQueueGet)
    __arm_cp.21_0                            0x00001218   Number         4  rtx_msgqueue.o(.text.svcRtxMessageQueueGet)
    [Anonymous Symbol]                       0x0000121c   Section        0  rtx_msgqueue.o(.text.svcRtxMessageQueueNew)
    svcRtxMessageQueueNew                    0x0000121d   Thumb Code   304  rtx_msgqueue.o(.text.svcRtxMessageQueueNew)
    __arm_cp.14_0                            0x00001344   Number         4  rtx_msgqueue.o(.text.svcRtxMessageQueueNew)
    __arm_cp.14_1                            0x00001348   Number         4  rtx_msgqueue.o(.text.svcRtxMessageQueueNew)
    [Anonymous Symbol]                       0x0000134c   Section        0  rtx_msgqueue.o(.text.svcRtxMessageQueuePut)
    svcRtxMessageQueuePut                    0x0000134d   Thumb Code   192  rtx_msgqueue.o(.text.svcRtxMessageQueuePut)
    __arm_cp.19_0                            0x00001408   Number         4  rtx_msgqueue.o(.text.svcRtxMessageQueuePut)
    [Anonymous Symbol]                       0x0000140c   Section        0  rtx_thread.o(.text.svcRtxThreadExit)
    svcRtxThreadExit                         0x0000140d   Thumb Code   104  rtx_thread.o(.text.svcRtxThreadExit)
    __arm_cp.55_0                            0x00001470   Number         4  rtx_thread.o(.text.svcRtxThreadExit)
    [Anonymous Symbol]                       0x00001474   Section        0  rtx_thread.o(.text.svcRtxThreadJoin)
    svcRtxThreadJoin                         0x00001475   Thumb Code    88  rtx_thread.o(.text.svcRtxThreadJoin)
    __arm_cp.54_0                            0x000014c8   Number         4  rtx_thread.o(.text.svcRtxThreadJoin)
    [Anonymous Symbol]                       0x000014cc   Section        0  rtx_thread.o(.text.svcRtxThreadNew)
    svcRtxThreadNew                          0x000014cd   Thumb Code   464  rtx_thread.o(.text.svcRtxThreadNew)
    __arm_cp.17_0                            0x00001688   Number         4  rtx_thread.o(.text.svcRtxThreadNew)
    __arm_cp.17_1                            0x0000168c   Number         4  rtx_thread.o(.text.svcRtxThreadNew)
    __arm_cp.17_2                            0x00001690   Number         4  rtx_thread.o(.text.svcRtxThreadNew)
    __arm_cp.17_3                            0x00001694   Number         4  rtx_thread.o(.text.svcRtxThreadNew)
    __arm_cp.17_4                            0x00001698   Number         4  rtx_thread.o(.text.svcRtxThreadNew)
    i.GPIO_PinWrite                          0x0000169c   Section        0  gpio_lpc17xx.o(i.GPIO_PinWrite)
    i.GPIO_PortClock                         0x000016c4   Section        0  gpio_lpc17xx.o(i.GPIO_PortClock)
    i.GPIO_SetDir                            0x000016f0   Section        0  gpio_lpc17xx.o(i.GPIO_SetDir)
    i.ITM_SendChar                           0x00001728   Section        0  retarget_io.o(i.ITM_SendChar)
    i.Init_Thread                            0x00001758   Section        0  thread.o(i.Init_Thread)
    i.LED_Initialize                         0x000017a0   Section        0  led_mcb1700.o(i.LED_Initialize)
    i.LED_Off                                0x000017fc   Section        0  led_mcb1700.o(i.LED_Off)
    i.LED_On                                 0x00001828   Section        0  led_mcb1700.o(i.LED_On)
    i.PIN_Configure                          0x00001854   Section        0  pin_lpc17xx.o(i.PIN_Configure)
    i.SystemCoreClockUpdate                  0x00001950   Section        0  system_lpc17xx.o(i.SystemCoreClockUpdate)
    i.SystemInit                             0x00001af8   Section        0  system_lpc17xx.o(i.SystemInit)
    i.Thread1                                0x00001c38   Section        0  thread.o(i.Thread1)
    i.Thread2                                0x00001d3c   Section        0  thread.o(i.Thread2)
    i.Thread3                                0x00001d74   Section        0  thread.o(i.Thread3)
    i.__0printf$1                            0x00001dac   Section        0  printf1.o(i.__0printf$1)
    i.__scatterload_copy                     0x00001dcc   Section       14  handlers.o(i.__scatterload_copy)
    i.__scatterload_zeroinit                 0x00001dda   Section       14  handlers.o(i.__scatterload_zeroinit)
    i._printf_core                           0x00001de8   Section        0  printf1.o(i._printf_core)
    _printf_core                             0x00001de9   Thumb Code   336  printf1.o(i._printf_core)
    i.app_main                               0x00001f3c   Section        0  main.o(i.app_main)
    app_main                                 0x00001f3d   Thumb Code     4  main.o(i.app_main)
    i.delay                                  0x00001f40   Section        0  thread.o(i.delay)
    i.fputc                                  0x00001f58   Section        0  retarget_io.o(i.fputc)
    i.main                                   0x00001f78   Section        0  main.o(i.main)
    i.osRtxErrorNotify                       0x00001fa0   Section        0  rtx_config.o(i.osRtxErrorNotify)
    i.osRtxIdleThread                        0x00001fc0   Section        0  rtx_config.o(i.osRtxIdleThread)
    i.stdout_putchar                         0x00001fc4   Section        0  retarget_io.o(i.stdout_putchar)
    stdout_putchar                           0x00001fc5   Thumb Code    12  retarget_io.o(i.stdout_putchar)
    .constdata                               0x00001fd0   Section       16  led_mcb1700.o(.constdata)
    LED_PIN                                  0x00001fd0   Data          16  led_mcb1700.o(.constdata)
    .constdata                               0x00001fe0   Section      100  rtx_lib.o(.constdata)
    os_idle_thread_attr                      0x00001fe0   Data          36  rtx_lib.o(.constdata)
    os_timer_thread_attr                     0x00002004   Data          36  rtx_lib.o(.constdata)
    os_timer_mq_attr                         0x00002028   Data          24  rtx_lib.o(.constdata)
    .rodata                                  0x00002044   Section      160  rtx_lib.o(.rodata)
    __tagsym$$used                           0x00002044   Number         0  rtx_lib.o(.rodata)
    __tagsym$$used                           0x000020ac   Number         0  rtx_lib.o(.rodata)
    [Anonymous Symbol]                       0x000020e4   Section        0  rtx_kernel.o(.rodata.str1.4)
    .L.str                                   0x000020e4   Data          11  rtx_kernel.o(.rodata.str1.4)
    .bss.os                                  0x10000000   Section    16064  rtx_lib.o(.bss.os)
    os_mem                                   0x10000000   Data       16000  rtx_lib.o(.bss.os)
    os_isr_queue                             0x10003e80   Data          64  rtx_lib.o(.bss.os)
    .bss.os.msgqueue.cb                      0x10003ec0   Section       52  rtx_lib.o(.bss.os.msgqueue.cb)
    os_timer_mq_cb                           0x10003ec0   Data          52  rtx_lib.o(.bss.os.msgqueue.cb)
    .bss.os.msgqueue.mem                     0x10003ef4   Section       80  rtx_lib.o(.bss.os.msgqueue.mem)
    os_timer_mq_data                         0x10003ef4   Data          80  rtx_lib.o(.bss.os.msgqueue.mem)
    .bss.os.thread.cb                        0x10003f44   Section      136  rtx_lib.o(.bss.os.thread.cb)
    os_idle_thread_cb                        0x10003f44   Data          68  rtx_lib.o(.bss.os.thread.cb)
    os_timer_thread_cb                       0x10003f88   Data          68  rtx_lib.o(.bss.os.thread.cb)
    .bss.os.thread.stack                     0x10003fd0   Section     1024  rtx_lib.o(.bss.os.thread.stack)
    os_idle_thread_stack                     0x10003fd0   Data         512  rtx_lib.o(.bss.os.thread.stack)
    os_timer_thread_stack                    0x100041d0   Data         512  rtx_lib.o(.bss.os.thread.stack)
    .data                                    0x100043d0   Section       20  thread.o(.data)
    .data                                    0x100043e4   Section        4  system_lpc17xx.o(.data)
    .data                                    0x100043e8   Section        4  stdout.o(.data)
    .data                                    0x100043ec   Section        4  rand.o(.data)
    _rand_state                              0x100043ec   Data           4  rand.o(.data)
    [Anonymous Symbol]                       0x10004494   Section        0  os_systick.o(.bss.PendST)
    PendST                                   0x10004494   Data           1  os_systick.o(.bss.PendST)
    STACK                                    0x10004498   Section      512  startup_lpc17xx.o(STACK)

    Global Symbols

    Symbol Name                              Value     Ov Type        Size  Object(Section)

    BuildAttributes$$THM_ISAv4$P$D$K$B$S$PE$A:L22UL41UL21$X:L11$S22US41US21$IEEE1$IW$~IW$USESV6$~STKCKD$USESV7$~SHL$OSPACE$ROPI$EBA8$MICROLIB$REQ8$PRES8$EABIv2 0x00000000   Number         0  anon$$obj.o ABSOLUTE
    __ARM_use_no_argv                        0x00000000   Number         0  main.o ABSOLUTE
    __Vectors                                0x00000000   Data           4  startup_lpc17xx.o(RESET)
    _printf_a                                0x00000000   Number         0  stubs.o ABSOLUTE
    _printf_c                                0x00000000   Number         0  stubs.o ABSOLUTE
    _printf_charcount                        0x00000000   Number         0  stubs.o ABSOLUTE
    _printf_d                                0x00000000   Number         0  stubs.o ABSOLUTE
    _printf_e                                0x00000000   Number         0  stubs.o ABSOLUTE
    _printf_f                                0x00000000   Number         0  stubs.o ABSOLUTE
    _printf_flags                            0x00000000   Number         0  stubs.o ABSOLUTE
    _printf_fp_dec                           0x00000000   Number         0  stubs.o ABSOLUTE
    _printf_fp_hex                           0x00000000   Number         0  stubs.o ABSOLUTE
    _printf_g                                0x00000000   Number         0  stubs.o ABSOLUTE
    _printf_i                                0x00000000   Number         0  stubs.o ABSOLUTE
    _printf_int_dec                          0x00000000   Number         0  stubs.o ABSOLUTE
    _printf_l                                0x00000000   Number         0  stubs.o ABSOLUTE
    _printf_lc                               0x00000000   Number         0  stubs.o ABSOLUTE
    _printf_ll                               0x00000000   Number         0  stubs.o ABSOLUTE
    _printf_lld                              0x00000000   Number         0  stubs.o ABSOLUTE
    _printf_lli                              0x00000000   Number         0  stubs.o ABSOLUTE
    _printf_llo                              0x00000000   Number         0  stubs.o ABSOLUTE
    _printf_llu                              0x00000000   Number         0  stubs.o ABSOLUTE
    _printf_llx                              0x00000000   Number         0  stubs.o ABSOLUTE
    _printf_longlong_dec                     0x00000000   Number         0  stubs.o ABSOLUTE
    _printf_longlong_hex                     0x00000000   Number         0  stubs.o ABSOLUTE
    _printf_longlong_oct                     0x00000000   Number         0  stubs.o ABSOLUTE
    _printf_ls                               0x00000000   Number         0  stubs.o ABSOLUTE
    _printf_mbtowc                           0x00000000   Number         0  stubs.o ABSOLUTE
    _printf_n                                0x00000000   Number         0  stubs.o ABSOLUTE
    _printf_o                                0x00000000   Number         0  stubs.o ABSOLUTE
    _printf_p                                0x00000000   Number         0  stubs.o ABSOLUTE
    _printf_percent                          0x00000000   Number         0  stubs.o ABSOLUTE
    _printf_pre_padding                      0x00000000   Number         0  stubs.o ABSOLUTE
    _printf_return_value                     0x00000000   Number         0  stubs.o ABSOLUTE
    _printf_s                                0x00000000   Number         0  stubs.o ABSOLUTE
    _printf_sizespec                         0x00000000   Number         0  stubs.o ABSOLUTE
    _printf_str                              0x00000000   Number         0  stubs.o ABSOLUTE
    _printf_truncate_signed                  0x00000000   Number         0  stubs.o ABSOLUTE
    _printf_truncate_unsigned                0x00000000   Number         0  stubs.o ABSOLUTE
    _printf_u                                0x00000000   Number         0  stubs.o ABSOLUTE
    _printf_wc                               0x00000000   Number         0  stubs.o ABSOLUTE
    _printf_wctomb                           0x00000000   Number         0  stubs.o ABSOLUTE
    _printf_widthprec                        0x00000000   Number         0  stubs.o ABSOLUTE
    _printf_x                                0x00000000   Number         0  stubs.o ABSOLUTE
    .bss.os.evflags.cb$$Base                  - Undefined Weak Reference
    .bss.os.evflags.cb$$Limit                 - Undefined Weak Reference
    .bss.os.mempool.cb$$Base                  - Undefined Weak Reference
    .bss.os.mempool.cb$$Limit                 - Undefined Weak Reference
    .bss.os.mutex.cb$$Base                    - Undefined Weak Reference
    .bss.os.mutex.cb$$Limit                   - Undefined Weak Reference
    .bss.os.semaphore.cb$$Base                - Undefined Weak Reference
    .bss.os.semaphore.cb$$Limit               - Undefined Weak Reference
    .bss.os.timer.cb$$Base                    - Undefined Weak Reference
    .bss.os.timer.cb$$Limit                   - Undefined Weak Reference
    __cpp_initialize__aeabi_                  - Undefined Weak Reference
    __cxa_finalize                            - Undefined Weak Reference
    _clock_init                               - Undefined Weak Reference
    _microlib_exit                            - Undefined Weak Reference
    __main                                   0x000000cd   Thumb Code     0  entry.o(.ARM.Collect$$$$00000000)
    _main_stk                                0x000000cd   Thumb Code     0  entry2.o(.ARM.Collect$$$$00000001)
    _main_scatterload                        0x000000d1   Thumb Code     0  entry5.o(.ARM.Collect$$$$00000004)
    __main_after_scatterload                 0x000000d5   Thumb Code     0  entry5.o(.ARM.Collect$$$$00000004)
    _main_clock                              0x000000d5   Thumb Code     0  entry7b.o(.ARM.Collect$$$$00000008)
    _main_cpp_init                           0x000000d5   Thumb Code     0  entry8b.o(.ARM.Collect$$$$0000000A)
    _main_init                               0x000000d5   Thumb Code     0  entry9a.o(.ARM.Collect$$$$0000000B)
    __rt_final_cpp                           0x000000dd   Thumb Code     0  entry10a.o(.ARM.Collect$$$$0000000D)
    __rt_final_exit                          0x000000dd   Thumb Code     0  entry11a.o(.ARM.Collect$$$$0000000F)
    Reset_Handler                            0x000000e1   Thumb Code     8  startup_lpc17xx.o(.text)
    NMI_Handler                              0x000000e9   Thumb Code     2  startup_lpc17xx.o(.text)
    HardFault_Handler                        0x000000eb   Thumb Code     2  startup_lpc17xx.o(.text)
    MemManage_Handler                        0x000000ed   Thumb Code     2  startup_lpc17xx.o(.text)
    BusFault_Handler                         0x000000ef   Thumb Code     2  startup_lpc17xx.o(.text)
    UsageFault_Handler                       0x000000f1   Thumb Code     2  startup_lpc17xx.o(.text)
    DebugMon_Handler                         0x000000f5   Thumb Code     2  startup_lpc17xx.o(.text)
    ADC_IRQHandler                           0x000000fb   Thumb Code     0  startup_lpc17xx.o(.text)
    BOD_IRQHandler                           0x000000fb   Thumb Code     0  startup_lpc17xx.o(.text)
    CANActivity_IRQHandler                   0x000000fb   Thumb Code     0  startup_lpc17xx.o(.text)
    CAN_IRQHandler                           0x000000fb   Thumb Code     0  startup_lpc17xx.o(.text)
    DMA_IRQHandler                           0x000000fb   Thumb Code     0  startup_lpc17xx.o(.text)
    EINT0_IRQHandler                         0x000000fb   Thumb Code     0  startup_lpc17xx.o(.text)
    EINT1_IRQHandler                         0x000000fb   Thumb Code     0  startup_lpc17xx.o(.text)
    EINT2_IRQHandler                         0x000000fb   Thumb Code     0  startup_lpc17xx.o(.text)
    EINT3_IRQHandler                         0x000000fb   Thumb Code     0  startup_lpc17xx.o(.text)
    ENET_IRQHandler                          0x000000fb   Thumb Code     0  startup_lpc17xx.o(.text)
    I2C0_IRQHandler                          0x000000fb   Thumb Code     0  startup_lpc17xx.o(.text)
    I2C1_IRQHandler                          0x000000fb   Thumb Code     0  startup_lpc17xx.o(.text)
    I2C2_IRQHandler                          0x000000fb   Thumb Code     0  startup_lpc17xx.o(.text)
    I2S_IRQHandler                           0x000000fb   Thumb Code     0  startup_lpc17xx.o(.text)
    MCPWM_IRQHandler                         0x000000fb   Thumb Code     0  startup_lpc17xx.o(.text)
    PLL0_IRQHandler                          0x000000fb   Thumb Code     0  startup_lpc17xx.o(.text)
    PLL1_IRQHandler                          0x000000fb   Thumb Code     0  startup_lpc17xx.o(.text)
    PWM1_IRQHandler                          0x000000fb   Thumb Code     0  startup_lpc17xx.o(.text)
    QEI_IRQHandler                           0x000000fb   Thumb Code     0  startup_lpc17xx.o(.text)
    RIT_IRQHandler                           0x000000fb   Thumb Code     0  startup_lpc17xx.o(.text)
    RTC_IRQHandler                           0x000000fb   Thumb Code     0  startup_lpc17xx.o(.text)
    SPI_IRQHandler                           0x000000fb   Thumb Code     0  startup_lpc17xx.o(.text)
    SSP0_IRQHandler                          0x000000fb   Thumb Code     0  startup_lpc17xx.o(.text)
    SSP1_IRQHandler                          0x000000fb   Thumb Code     0  startup_lpc17xx.o(.text)
    TIMER0_IRQHandler                        0x000000fb   Thumb Code     0  startup_lpc17xx.o(.text)
    TIMER1_IRQHandler                        0x000000fb   Thumb Code     0  startup_lpc17xx.o(.text)
    TIMER2_IRQHandler                        0x000000fb   Thumb Code     0  startup_lpc17xx.o(.text)
    TIMER3_IRQHandler                        0x000000fb   Thumb Code     0  startup_lpc17xx.o(.text)
    UART0_IRQHandler                         0x000000fb   Thumb Code     0  startup_lpc17xx.o(.text)
    UART1_IRQHandler                         0x000000fb   Thumb Code     0  startup_lpc17xx.o(.text)
    UART2_IRQHandler                         0x000000fb   Thumb Code     0  startup_lpc17xx.o(.text)
    UART3_IRQHandler                         0x000000fb   Thumb Code     0  startup_lpc17xx.o(.text)
    USBActivity_IRQHandler                   0x000000fb   Thumb Code     0  startup_lpc17xx.o(.text)
    USB_IRQHandler                           0x000000fb   Thumb Code     0  startup_lpc17xx.o(.text)
    WDT_IRQHandler                           0x000000fb   Thumb Code     0  startup_lpc17xx.o(.text)
    SVC_Handler                              0x00000105   Thumb Code   108  irq_cm3.o(.text)
    PendSV_Handler                           0x00000171   Thumb Code    16  irq_cm3.o(.text)
    SysTick_Handler                          0x00000181   Thumb Code    16  irq_cm3.o(.text)
    __aeabi_uldivmod                         0x00000199   Thumb Code    98  uldiv.o(.text)
    rand                                     0x000001fd   Thumb Code    20  rand.o(.text)
    srand                                    0x00000211   Thumb Code     6  rand.o(.text)
    __aeabi_memcpy                           0x00000221   Thumb Code    36  memcpya.o(.text)
    __aeabi_memcpy4                          0x00000221   Thumb Code     0  memcpya.o(.text)
    __aeabi_memcpy8                          0x00000221   Thumb Code     0  memcpya.o(.text)
    __aeabi_memset                           0x00000245   Thumb Code    14  memseta.o(.text)
    __aeabi_memset4                          0x00000245   Thumb Code     0  memseta.o(.text)
    __aeabi_memset8                          0x00000245   Thumb Code     0  memseta.o(.text)
    __aeabi_memclr                           0x00000253   Thumb Code     4  memseta.o(.text)
    __aeabi_memclr4                          0x00000253   Thumb Code     0  memseta.o(.text)
    __aeabi_memclr8                          0x00000253   Thumb Code     0  memseta.o(.text)
    _memset$wrapper                          0x00000257   Thumb Code    18  memseta.o(.text)
    __aeabi_uidiv                            0x00000269   Thumb Code     0  uidiv.o(.text)
    __aeabi_uidivmod                         0x00000269   Thumb Code    44  uidiv.o(.text)
    __aeabi_llsl                             0x00000295   Thumb Code    30  llshl.o(.text)
    _ll_shift_l                              0x00000295   Thumb Code     0  llshl.o(.text)
    __aeabi_llsr                             0x000002b3   Thumb Code    32  llushr.o(.text)
    _ll_ushift_r                             0x000002b3   Thumb Code     0  llushr.o(.text)
    __scatterload                            0x000002d5   Thumb Code    28  init.o(.text)
    __scatterload_rt2                        0x000002d5   Thumb Code     0  init.o(.text)
    osRtxKernelPreInit                       0x000002f9   Thumb Code     2  rtx_kernel.o(.text.osRtxKernelPreInit)
    __scatterload_null                       0x000002fb   Thumb Code     2  handlers.o(i.__scatterload_null)
    __decompress                             0x00000301   Thumb Code     0  __dczerorl.o(.text)
    __decompress0                            0x00000301   Thumb Code    58  __dczerorl.o(.text)
    OS_Tick_AcknowledgeIRQ                   0x000003f1   Thumb Code    12  os_systick.o(.text.OS_Tick_AcknowledgeIRQ)
    OS_Tick_Enable                           0x000003fd   Thumb Code    44  os_systick.o(.text.OS_Tick_Enable)
    OS_Tick_GetIRQn                          0x00000429   Thumb Code     6  os_systick.o(.text.OS_Tick_GetIRQn)
    OS_Tick_Setup                            0x00000431   Thumb Code    64  os_systick.o(.text.OS_Tick_Setup)
    osKernelInitialize                       0x00000529   Thumb Code    44  rtx_kernel.o(.text.osKernelInitialize)
    osKernelStart                            0x00000555   Thumb Code    36  rtx_kernel.o(.text.osKernelStart)
    osMessageQueueGet                        0x00000579   Thumb Code   108  rtx_msgqueue.o(.text.osMessageQueueGet)
    osMessageQueueNew                        0x000005e5   Thumb Code    36  rtx_msgqueue.o(.text.osMessageQueueNew)
    osMessageQueuePut                        0x00000609   Thumb Code   120  rtx_msgqueue.o(.text.osMessageQueuePut)
    osRtxMemoryAlloc                         0x00000681   Thumb Code   112  rtx_memory.o(.text.osRtxMemoryAlloc)
    osRtxMemoryFree                          0x000006f1   Thumb Code    70  rtx_memory.o(.text.osRtxMemoryFree)
    osRtxMemoryInit                          0x00000737   Thumb Code    60  rtx_memory.o(.text.osRtxMemoryInit)
    osRtxMemoryPoolAlloc                     0x00000773   Thumb Code    58  rtx_mempool.o(.text.osRtxMemoryPoolAlloc)
    osRtxMemoryPoolFree                      0x000007ad   Thumb Code    74  rtx_mempool.o(.text.osRtxMemoryPoolFree)
    osRtxMemoryPoolInit                      0x000007f7   Thumb Code    54  rtx_mempool.o(.text.osRtxMemoryPoolInit)
    osRtxMutexOwnerRelease                   0x000008e7   Thumb Code    72  rtx_mutex.o(.text.osRtxMutexOwnerRelease)
    osRtxMutexOwnerRestore                   0x0000092f   Thumb Code    66  rtx_mutex.o(.text.osRtxMutexOwnerRestore)
    osRtxPendSV_Handler                      0x00000971   Thumb Code   140  rtx_system.o(.text.osRtxPendSV_Handler)
    osRtxPostProcess                         0x000009fd   Thumb Code   116  rtx_system.o(.text.osRtxPostProcess)
    osRtxThreadDelayTick                     0x00000b59   Thumb Code    76  rtx_thread.o(.text.osRtxThreadDelayTick)
    osRtxThreadDispatch                      0x00000ba5   Thumb Code    88  rtx_thread.o(.text.osRtxThreadDispatch)
    osRtxThreadListGet                       0x00000c55   Thumb Code    18  rtx_thread.o(.text.osRtxThreadListGet)
    osRtxThreadListPut                       0x00000c67   Thumb Code    44  rtx_thread.o(.text.osRtxThreadListPut)
    osRtxThreadListRemove                    0x00000c93   Thumb Code    20  rtx_thread.o(.text.osRtxThreadListRemove)
    osRtxThreadListSort                      0x00000cb3   Thumb Code    38  rtx_thread.o(.text.osRtxThreadListSort)
    osRtxThreadReadyPut                      0x00000d21   Thumb Code    20  rtx_thread.o(.text.osRtxThreadReadyPut)
    osRtxThreadRegPtr                        0x00000d35   Thumb Code     6  rtx_thread.o(.text.osRtxThreadRegPtr)
    osRtxThreadStackCheck                    0x00000d3d   Thumb Code    40  rtx_thread.o(.text.osRtxThreadStackCheck)
    osRtxThreadStartup                       0x00000d65   Thumb Code    64  rtx_thread.o(.text.osRtxThreadStartup)
    osRtxThreadSwitch                        0x00000da5   Thumb Code    16  rtx_thread.o(.text.osRtxThreadSwitch)
    osRtxThreadWaitEnter                     0x00000db5   Thumb Code    56  rtx_thread.o(.text.osRtxThreadWaitEnter)
    osRtxThreadWaitExit                      0x00000ded   Thumb Code    36  rtx_thread.o(.text.osRtxThreadWaitExit)
    osRtxTick_Handler                        0x00000e11   Thumb Code   112  rtx_system.o(.text.osRtxTick_Handler)
    osRtxTimerThread                         0x00000e81   Thumb Code    60  rtx_timer.o(.text.osRtxTimerThread)
    osThreadExit                             0x00000f11   Thumb Code    12  rtx_thread.o(.text.osThreadExit)
    osThreadJoin                             0x00000f1d   Thumb Code    36  rtx_thread.o(.text.osThreadJoin)
    osThreadNew                              0x00000f41   Thumb Code    36  rtx_thread.o(.text.osThreadNew)
    GPIO_PinWrite                            0x0000169d   Thumb Code    36  gpio_lpc17xx.o(i.GPIO_PinWrite)
    GPIO_PortClock                           0x000016c5   Thumb Code    38  gpio_lpc17xx.o(i.GPIO_PortClock)
    GPIO_SetDir                              0x000016f1   Thumb Code    52  gpio_lpc17xx.o(i.GPIO_SetDir)
    ITM_SendChar                             0x00001729   Thumb Code    42  retarget_io.o(i.ITM_SendChar)
    Init_Thread                              0x00001759   Thumb Code    48  thread.o(i.Init_Thread)
    LED_Initialize                           0x000017a1   Thumb Code    88  led_mcb1700.o(i.LED_Initialize)
    LED_Off                                  0x000017fd   Thumb Code    40  led_mcb1700.o(i.LED_Off)
    LED_On                                   0x00001829   Thumb Code    40  led_mcb1700.o(i.LED_On)
    PIN_Configure                            0x00001855   Thumb Code   246  pin_lpc17xx.o(i.PIN_Configure)
    SystemCoreClockUpdate                    0x00001951   Thumb Code   408  system_lpc17xx.o(i.SystemCoreClockUpdate)
    SystemInit                               0x00001af9   Thumb Code   302  system_lpc17xx.o(i.SystemInit)
    Thread1                                  0x00001c39   Thumb Code   144  thread.o(i.Thread1)
    Thread2                                  0x00001d3d   Thumb Code    32  thread.o(i.Thread2)
    Thread3                                  0x00001d75   Thumb Code    32  thread.o(i.Thread3)
    __0printf$1                              0x00001dad   Thumb Code    22  printf1.o(i.__0printf$1)
    __1printf$1                              0x00001dad   Thumb Code     0  printf1.o(i.__0printf$1)
    __2printf                                0x00001dad   Thumb Code     0  printf1.o(i.__0printf$1)
    __scatterload_copy                       0x00001dcd   Thumb Code    14  handlers.o(i.__scatterload_copy)
    __scatterload_zeroinit                   0x00001ddb   Thumb Code    14  handlers.o(i.__scatterload_zeroinit)
    delay                                    0x00001f41   Thumb Code    20  thread.o(i.delay)
    fputc                                    0x00001f59   Thumb Code    26  retarget_io.o(i.fputc)
    main                                     0x00001f79   Thumb Code    34  main.o(i.main)
    osRtxErrorNotify                         0x00001fa1   Thumb Code    32  rtx_config.o(i.osRtxErrorNotify)
    osRtxIdleThread                          0x00001fc1   Thumb Code     4  rtx_config.o(i.osRtxIdleThread)
    osRtxUserSVC                             0x00002040   Data           4  rtx_lib.o(.constdata)
    osRtxConfig                              0x00002044   Data         104  rtx_lib.o(.rodata)
    os_cb_sections                           0x000020ac   Data          56  rtx_lib.o(.rodata)
    Region$$Table$$Base                      0x000020f0   Number         0  anon$$obj.o(Region$$Table)
    Region$$Table$$Limit                     0x00002110   Number         0  anon$$obj.o(Region$$Table)
    .bss.os.msgqueue.cb$$Base                0x10003ec0   Number         0  rtx_lib.o(.bss.os.msgqueue.cb)
    .bss.os.msgqueue.cb$$Limit               0x10003ef4   Number         0  rtx_lib.o(.bss.os.msgqueue.cb)
    .bss.os.thread.cb$$Base                  0x10003f44   Number         0  rtx_lib.o(.bss.os.thread.cb)
    .bss.os.thread.cb$$Limit                 0x10003fcc   Number         0  rtx_lib.o(.bss.os.thread.cb)
    tid1_Thread                              0x100043d0   Data           4  thread.o(.data)
    tid2_Thread                              0x100043d4   Data           4  thread.o(.data)
    tid3_Thread                              0x100043d8   Data           4  thread.o(.data)
    draw1                                    0x100043dc   Data           4  thread.o(.data)
    draw2                                    0x100043e0   Data           4  thread.o(.data)
    SystemCoreClock                          0x100043e4   Data           4  system_lpc17xx.o(.data)
    __stdout                                 0x100043e8   Data           4  stdout.o(.data)
    osRtxInfo                                0x100043f0   Data         164  rtx_kernel.o(.data.os)
    __initial_sp                             0x10004698   Data           0  startup_lpc17xx.o(STACK)



==============================================================================

Memory Map of the image

  Image Entry point : 0x000000e1

  Load Region LR_1 (Base: 0x00000000, Size: 0x000065a4, Max: 0xffffffff, ABSOLUTE, COMPRESSED[0x000021a8])

    Execution Region ER_RO (Exec base: 0x00000000, Load base: 0x00000000, Size: 0x00002110, Max: 0xffffffff, ABSOLUTE)

    Exec Addr    Load Addr    Size         Type   Attr      Idx    E Section Name        Object

    0x00000000   0x00000000   0x000000cc   Data   RO          473    RESET               startup_lpc17xx.o
    0x000000cc   0x000000cc   0x00000000   Code   RO          968  * .ARM.Collect$$$$00000000  mc_w.l(entry.o)
    0x000000cc   0x000000cc   0x00000004   Code   RO         1250    .ARM.Collect$$$$00000001  mc_w.l(entry2.o)
    0x000000d0   0x000000d0   0x00000004   Code   RO         1253    .ARM.Collect$$$$00000004  mc_w.l(entry5.o)
    0x000000d4   0x000000d4   0x00000000   Code   RO         1255    .ARM.Collect$$$$00000008  mc_w.l(entry7b.o)
    0x000000d4   0x000000d4   0x00000000   Code   RO         1257    .ARM.Collect$$$$0000000A  mc_w.l(entry8b.o)
    0x000000d4   0x000000d4   0x00000008   Code   RO         1258    .ARM.Collect$$$$0000000B  mc_w.l(entry9a.o)
    0x000000dc   0x000000dc   0x00000000   Code   RO         1260    .ARM.Collect$$$$0000000D  mc_w.l(entry10a.o)
    0x000000dc   0x000000dc   0x00000000   Code   RO         1262    .ARM.Collect$$$$0000000F  mc_w.l(entry11a.o)
    0x000000dc   0x000000dc   0x00000004   Code   RO         1251    .ARM.Collect$$$$00002712  mc_w.l(entry2.o)
    0x000000e0   0x000000e0   0x00000024   Code   RO          475  * .text               startup_lpc17xx.o
    0x00000104   0x00000104   0x00000094   Code   RO          718    .text               RTX_CM3.lib(irq_cm3.o)
    0x00000198   0x00000198   0x00000062   Code   RO          978    .text               mc_w.l(uldiv.o)
    0x000001fa   0x000001fa   0x00000002   PAD
    0x000001fc   0x000001fc   0x00000024   Code   RO          980    .text               mc_w.l(rand.o)
    0x00000220   0x00000220   0x00000024   Code   RO          983    .text               mc_w.l(memcpya.o)
    0x00000244   0x00000244   0x00000024   Code   RO          985    .text               mc_w.l(memseta.o)
    0x00000268   0x00000268   0x0000002c   Code   RO         1264    .text               mc_w.l(uidiv.o)
    0x00000294   0x00000294   0x0000001e   Code   RO         1266    .text               mc_w.l(llshl.o)
    0x000002b2   0x000002b2   0x00000020   Code   RO         1268    .text               mc_w.l(llushr.o)
    0x000002d2   0x000002d2   0x00000002   PAD
    0x000002d4   0x000002d4   0x00000024   Code   RO         1281    .text               mc_w.l(init.o)
    0x000002f8   0x000002f8   0x00000002   Code   RO          518    .text.osRtxKernelPreInit  RTX_CM3.lib(rtx_kernel.o)
    0x000002fa   0x000002fa   0x00000002   Code   RO         1290    i.__scatterload_null  mc_w.l(handlers.o)
    0x000002fc   0x000002fc   0x00000004   Code   RO          474    .ARM.__at_0x02FC    startup_lpc17xx.o
    0x00000300   0x00000300   0x0000003a   Code   RO         1295    .text               mc_w.l(__dczerorl.o)
    0x0000033a   0x0000033a   0x00000040   Code   RO          952    .text.MessageQueueGet  RTX_CM3.lib(rtx_msgqueue.o)
    0x0000037a   0x0000037a   0x00000058   Code   RO          946    .text.MessageQueuePut  RTX_CM3.lib(rtx_msgqueue.o)
    0x000003d2   0x000003d2   0x0000001c   Code   RO          944    .text.MessageQueueRemove  RTX_CM3.lib(rtx_msgqueue.o)
    0x000003ee   0x000003ee   0x00000002   PAD
    0x000003f0   0x000003f0   0x0000000c   Code   RO          890    .text.OS_Tick_AcknowledgeIRQ  RTX_CM3.lib(os_systick.o)
    0x000003fc   0x000003fc   0x0000002c   Code   RO          886    .text.OS_Tick_Enable  RTX_CM3.lib(os_systick.o)
    0x00000428   0x00000428   0x00000006   Code   RO          892    .text.OS_Tick_GetIRQn  RTX_CM3.lib(os_systick.o)
    0x0000042e   0x0000042e   0x00000002   PAD
    0x00000430   0x00000430   0x00000040   Code   RO          884    .text.OS_Tick_Setup  RTX_CM3.lib(os_systick.o)
    0x00000470   0x00000470   0x0000006e   Code   RO          665    .text.ThreadFlagsCheck  RTX_CM3.lib(rtx_thread.o)
    0x000004de   0x000004de   0x00000002   PAD
    0x000004e0   0x000004e0   0x00000048   Code   RO          739    .text.TimerInsert   RTX_CM3.lib(rtx_timer.o)
    0x00000528   0x00000528   0x0000002c   Code   RO          520    .text.osKernelInitialize  RTX_CM3.lib(rtx_kernel.o)
    0x00000554   0x00000554   0x00000024   Code   RO          530    .text.osKernelStart  RTX_CM3.lib(rtx_kernel.o)
    0x00000578   0x00000578   0x0000006c   Code   RO          918    .text.osMessageQueueGet  RTX_CM3.lib(rtx_msgqueue.o)
    0x000005e4   0x000005e4   0x00000024   Code   RO          912    .text.osMessageQueueNew  RTX_CM3.lib(rtx_msgqueue.o)
    0x00000608   0x00000608   0x00000078   Code   RO          916    .text.osMessageQueuePut  RTX_CM3.lib(rtx_msgqueue.o)
    0x00000680   0x00000680   0x00000070   Code   RO          803    .text.osRtxMemoryAlloc  RTX_CM3.lib(rtx_memory.o)
    0x000006f0   0x000006f0   0x00000046   Code   RO          805    .text.osRtxMemoryFree  RTX_CM3.lib(rtx_memory.o)
    0x00000736   0x00000736   0x0000003c   Code   RO          801    .text.osRtxMemoryInit  RTX_CM3.lib(rtx_memory.o)
    0x00000772   0x00000772   0x0000003a   Code   RO          818    .text.osRtxMemoryPoolAlloc  RTX_CM3.lib(rtx_mempool.o)
    0x000007ac   0x000007ac   0x0000004a   Code   RO          820    .text.osRtxMemoryPoolFree  RTX_CM3.lib(rtx_mempool.o)
    0x000007f6   0x000007f6   0x00000036   Code   RO          816    .text.osRtxMemoryPoolInit  RTX_CM3.lib(rtx_mempool.o)
    0x0000082c   0x0000082c   0x000000ba   Code   RO          942    .text.osRtxMessageQueuePostProcess  RTX_CM3.lib(rtx_msgqueue.o)
    0x000008e6   0x000008e6   0x00000048   Code   RO          764    .text.osRtxMutexOwnerRelease  RTX_CM3.lib(rtx_mutex.o)
    0x0000092e   0x0000092e   0x00000042   Code   RO          766    .text.osRtxMutexOwnerRestore  RTX_CM3.lib(rtx_mutex.o)
    0x00000970   0x00000970   0x0000008c   Code   RO          871    .text.osRtxPendSV_Handler  RTX_CM3.lib(rtx_system.o)
    0x000009fc   0x000009fc   0x00000074   Code   RO          873    .text.osRtxPostProcess  RTX_CM3.lib(rtx_system.o)
    0x00000a70   0x00000a70   0x00000038   Code   RO          605    .text.osRtxThreadBlock  RTX_CM3.lib(rtx_thread.o)
    0x00000aa8   0x00000aa8   0x00000074   Code   RO          613    .text.osRtxThreadDelayInsert  RTX_CM3.lib(rtx_thread.o)
    0x00000b1c   0x00000b1c   0x0000003c   Code   RO          609    .text.osRtxThreadDelayRemove  RTX_CM3.lib(rtx_thread.o)
    0x00000b58   0x00000b58   0x0000004c   Code   RO          593    .text.osRtxThreadDelayTick  RTX_CM3.lib(rtx_thread.o)
    0x00000ba4   0x00000ba4   0x00000058   Code   RO          603    .text.osRtxThreadDispatch  RTX_CM3.lib(rtx_thread.o)
    0x00000bfc   0x00000bfc   0x00000058   Code   RO          689    .text.osRtxThreadFree  RTX_CM3.lib(rtx_thread.o)
    0x00000c54   0x00000c54   0x00000012   Code   RO          585    .text.osRtxThreadListGet  RTX_CM3.lib(rtx_thread.o)
    0x00000c66   0x00000c66   0x0000002c   Code   RO          583    .text.osRtxThreadListPut  RTX_CM3.lib(rtx_thread.o)
    0x00000c92   0x00000c92   0x00000014   Code   RO          589    .text.osRtxThreadListRemove  RTX_CM3.lib(rtx_thread.o)
    0x00000ca6   0x00000ca6   0x0000000c   Code   RO          595    .text.osRtxThreadListRoot  RTX_CM3.lib(rtx_thread.o)
    0x00000cb2   0x00000cb2   0x00000026   Code   RO          587    .text.osRtxThreadListSort  RTX_CM3.lib(rtx_thread.o)
    0x00000cd8   0x00000cd8   0x00000020   Code   RO          687    .text.osRtxThreadListUnlink  RTX_CM3.lib(rtx_thread.o)
    0x00000cf8   0x00000cf8   0x00000028   Code   RO          663    .text.osRtxThreadPostProcess  RTX_CM3.lib(rtx_thread.o)
    0x00000d20   0x00000d20   0x00000014   Code   RO          591    .text.osRtxThreadReadyPut  RTX_CM3.lib(rtx_thread.o)
    0x00000d34   0x00000d34   0x00000006   Code   RO          597    .text.osRtxThreadRegPtr  RTX_CM3.lib(rtx_thread.o)
    0x00000d3a   0x00000d3a   0x00000002   PAD
    0x00000d3c   0x00000d3c   0x00000028   Code   RO          601    .text.osRtxThreadStackCheck  RTX_CM3.lib(rtx_thread.o)
    0x00000d64   0x00000d64   0x00000040   Code   RO          615    .text.osRtxThreadStartup  RTX_CM3.lib(rtx_thread.o)
    0x00000da4   0x00000da4   0x00000010   Code   RO          599    .text.osRtxThreadSwitch  RTX_CM3.lib(rtx_thread.o)
    0x00000db4   0x00000db4   0x00000038   Code   RO          611    .text.osRtxThreadWaitEnter  RTX_CM3.lib(rtx_thread.o)
    0x00000dec   0x00000dec   0x00000024   Code   RO          607    .text.osRtxThreadWaitExit  RTX_CM3.lib(rtx_thread.o)
    0x00000e10   0x00000e10   0x00000070   Code   RO          869    .text.osRtxTick_Handler  RTX_CM3.lib(rtx_system.o)
    0x00000e80   0x00000e80   0x0000003c   Code   RO          723    .text.osRtxTimerThread  RTX_CM3.lib(rtx_timer.o)
    0x00000ebc   0x00000ebc   0x00000054   Code   RO          725    .text.osRtxTimerTick  RTX_CM3.lib(rtx_timer.o)
    0x00000f10   0x00000f10   0x0000000c   Code   RO          647    .text.osThreadExit  RTX_CM3.lib(rtx_thread.o)
    0x00000f1c   0x00000f1c   0x00000024   Code   RO          645    .text.osThreadJoin  RTX_CM3.lib(rtx_thread.o)
    0x00000f40   0x00000f40   0x00000024   Code   RO          619    .text.osThreadNew   RTX_CM3.lib(rtx_thread.o)
    0x00000f64   0x00000f64   0x00000150   Code   RO          558    .text.svcRtxKernelInitialize  RTX_CM3.lib(rtx_kernel.o)
    0x000010b4   0x000010b4   0x00000088   Code   RO          560    .text.svcRtxKernelStart  RTX_CM3.lib(rtx_kernel.o)
    0x0000113c   0x0000113c   0x000000e0   Code   RO          954    .text.svcRtxMessageQueueGet  RTX_CM3.lib(rtx_msgqueue.o)
    0x0000121c   0x0000121c   0x00000130   Code   RO          940    .text.svcRtxMessageQueueNew  RTX_CM3.lib(rtx_msgqueue.o)
    0x0000134c   0x0000134c   0x000000c0   Code   RO          950    .text.svcRtxMessageQueuePut  RTX_CM3.lib(rtx_msgqueue.o)
    0x0000140c   0x0000140c   0x00000068   Code   RO          693    .text.svcRtxThreadExit  RTX_CM3.lib(rtx_thread.o)
    0x00001474   0x00001474   0x00000058   Code   RO          691    .text.svcRtxThreadJoin  RTX_CM3.lib(rtx_thread.o)
    0x000014cc   0x000014cc   0x000001d0   Code   RO          617    .text.svcRtxThreadNew  RTX_CM3.lib(rtx_thread.o)
    0x0000169c   0x0000169c   0x00000028   Code   RO          385    i.GPIO_PinWrite     gpio_lpc17xx.o
    0x000016c4   0x000016c4   0x0000002c   Code   RO          386    i.GPIO_PortClock    gpio_lpc17xx.o
    0x000016f0   0x000016f0   0x00000038   Code   RO          389    i.GPIO_SetDir       gpio_lpc17xx.o
    0x00001728   0x00001728   0x00000030   Code   RO          304    i.ITM_SendChar      retarget_io.o
    0x00001758   0x00001758   0x00000048   Code   RO           71    i.Init_Thread       thread.o
    0x000017a0   0x000017a0   0x0000005c   Code   RO          178    i.LED_Initialize    led_mcb1700.o
    0x000017fc   0x000017fc   0x0000002c   Code   RO          179    i.LED_Off           led_mcb1700.o
    0x00001828   0x00001828   0x0000002c   Code   RO          180    i.LED_On            led_mcb1700.o
    0x00001854   0x00001854   0x000000fc   Code   RO          438    i.PIN_Configure     pin_lpc17xx.o
    0x00001950   0x00001950   0x000001a8   Code   RO          484    i.SystemCoreClockUpdate  system_lpc17xx.o
    0x00001af8   0x00001af8   0x00000140   Code   RO          485    i.SystemInit        system_lpc17xx.o
    0x00001c38   0x00001c38   0x00000104   Code   RO           72    i.Thread1           thread.o
    0x00001d3c   0x00001d3c   0x00000038   Code   RO           73    i.Thread2           thread.o
    0x00001d74   0x00001d74   0x00000038   Code   RO           74    i.Thread3           thread.o
    0x00001dac   0x00001dac   0x00000020   Code   RO         1034    i.__0printf$1       mc_w.l(printf1.o)
    0x00001dcc   0x00001dcc   0x0000000e   Code   RO         1289    i.__scatterload_copy  mc_w.l(handlers.o)
    0x00001dda   0x00001dda   0x0000000e   Code   RO         1291    i.__scatterload_zeroinit  mc_w.l(handlers.o)
    0x00001de8   0x00001de8   0x00000154   Code   RO         1041    i._printf_core      mc_w.l(printf1.o)
    0x00001f3c   0x00001f3c   0x00000004   Code   RO            4    i.app_main          main.o
    0x00001f40   0x00001f40   0x00000018   Code   RO           75    i.delay             thread.o
    0x00001f58   0x00001f58   0x00000020   Code   RO          309    i.fputc             retarget_io.o
    0x00001f78   0x00001f78   0x00000028   Code   RO            5    i.main              main.o
    0x00001fa0   0x00001fa0   0x00000020   Code   RO          272    i.osRtxErrorNotify  rtx_config.o
    0x00001fc0   0x00001fc0   0x00000004   Code   RO          273    i.osRtxIdleThread   rtx_config.o
    0x00001fc4   0x00001fc4   0x0000000c   Code   RO          311    i.stdout_putchar    retarget_io.o
    0x00001fd0   0x00001fd0   0x00000010   Data   RO          183    .constdata          led_mcb1700.o
    0x00001fe0   0x00001fe0   0x00000064   Data   RO          238    .constdata          rtx_lib.o
    0x00002044   0x00002044   0x000000a0   Data   RO          240    .rodata             rtx_lib.o
    0x000020e4   0x000020e4   0x0000000b   Data   RO          572    .rodata.str1.4      RTX_CM3.lib(rtx_kernel.o)
    0x000020ef   0x000020ef   0x00000001   PAD
    0x000020f0   0x000020f0   0x00000020   Data   RO         1287    Region$$Table       anon$$obj.o


    Execution Region ER_RW (Exec base: 0x10000000, Load base: 0x00002110, Size: 0x00004494, Max: 0xffffffff, ABSOLUTE, COMPRESSED[0x00000098])

    Exec Addr    Load Addr    Size         Type   Attr      Idx    E Section Name        Object

    0x10000000   COMPRESSED   0x00003ec0   Data   RW          233    .bss.os             rtx_lib.o
    0x10003ec0   COMPRESSED   0x00000034   Data   RW          234    .bss.os.msgqueue.cb  rtx_lib.o
    0x10003ef4   COMPRESSED   0x00000050   Data   RW          235    .bss.os.msgqueue.mem  rtx_lib.o
    0x10003f44   COMPRESSED   0x00000088   Data   RW          236    .bss.os.thread.cb   rtx_lib.o
    0x10003fcc   COMPRESSED   0x00000004   PAD
    0x10003fd0   COMPRESSED   0x00000400   Data   RW          237    .bss.os.thread.stack  rtx_lib.o
    0x100043d0   COMPRESSED   0x00000014   Data   RW           76    .data               thread.o
    0x100043e4   COMPRESSED   0x00000004   Data   RW          486    .data               system_lpc17xx.o
    0x100043e8   COMPRESSED   0x00000004   Data   RW          976    .data               mc_w.l(stdout.o)
    0x100043ec   COMPRESSED   0x00000004   Data   RW          981    .data               mc_w.l(rand.o)
    0x100043f0   COMPRESSED   0x000000a4   Data   RW          573    .data.os            RTX_CM3.lib(rtx_kernel.o)


    Execution Region ER_ZI (Exec base: 0x10004494, Load base: 0x000021a8, Size: 0x00000204, Max: 0xffffffff, ABSOLUTE)

    Exec Addr    Load Addr    Size         Type   Attr      Idx    E Section Name        Object

    0x10004494        -       0x00000001   Zero   RW          902    .bss.PendST         RTX_CM3.lib(os_systick.o)
    0x10004495   0x000021a8   0x00000003   PAD
    0x10004498        -       0x00000200   Zero   RW          471    STACK               startup_lpc17xx.o


==============================================================================

Image component sizes


      Code (inc. data)   RO Data    RW Data    ZI Data      Debug   Object Name

       140         14          0          0          0       1807   gpio_lpc17xx.o
         0          0          0          0          0        920   joystick_mcb1700.o
       180         12         16          0          0       2708   led_mcb1700.o
        44          6          0          0          0       8967   main.o
       252          6          0          0          0        844   pin_lpc17xx.o
        92         12          0          0          0       3003   retarget_io.o
        36          6          0          0          0        949   rtx_config.o
         0          0        260      17356          0       9066   rtx_lib.o
        40         12        204          0        512        984   startup_lpc17xx.o
       744         34          0          4          0       1343   system_lpc17xx.o
       468        192          0         20          0       6270   thread.o

    ----------------------------------------------------------------------
      1996        294        512      17384        512      36861   Object Totals
         0          0         32          0          0          0   (incl. Generated)
         0          0          0          4          0          0   (incl. Padding)

    ----------------------------------------------------------------------

      Code (inc. data)   RO Data    RW Data    ZI Data      Debug   Library Member Name

       148         10          0          0          0        488   irq_cm3.o
       126         32          0          0          1       3105   os_systick.o
       554         36         11        164          0      17231   rtx_kernel.o
       242          0          0          0          0       2478   rtx_memory.o
       186          0          0          0          0      16576   rtx_mempool.o
      1350         28          0          0          0      18694   rtx_msgqueue.o
       138          0          0          0          0      10004   rtx_mutex.o
       368         26          0          0          0       5437   rtx_system.o
      1776        104          0          0          0      32739   rtx_thread.o
       216         20          0          0          0      10445   rtx_timer.o
        58          0          0          0          0          0   __dczerorl.o
         0          0          0          0          0          0   entry.o
         0          0          0          0          0          0   entry10a.o
         0          0          0          0          0          0   entry11a.o
         8          4          0          0          0          0   entry2.o
         4          0          0          0          0          0   entry5.o
         0          0          0          0          0          0   entry7b.o
         0          0          0          0          0          0   entry8b.o
         8          4          0          0          0          0   entry9a.o
        30          0          0          0          0          0   handlers.o
        36          8          0          0          0         68   init.o
        30          0          0          0          0         68   llshl.o
        32          0          0          0          0         68   llushr.o
        36          0          0          0          0         68   memcpya.o
        36          0          0          0          0        108   memseta.o
       372         14          0          0          0        184   printf1.o
        36         10          0          4          0        136   rand.o
         0          0          0          4          0          0   stdout.o
        44          0          0          0          0         80   uidiv.o
        98          0          0          0          0         92   uldiv.o

    ----------------------------------------------------------------------
      5944        296         12        172          4     118069   Library Totals
        12          0          1          0          3          0   (incl. Padding)

    ----------------------------------------------------------------------

      Code (inc. data)   RO Data    RW Data    ZI Data      Debug   Library Name

      5104        256         11        164          1     117197   RTX_CM3.lib
       828         40          0          8          0        872   mc_w.l

    ----------------------------------------------------------------------
      5944        296         12        172          4     118069   Library Totals

    ----------------------------------------------------------------------

==============================================================================


      Code (inc. data)   RO Data    RW Data    ZI Data      Debug   

      7940        590        524      17556        516     153682   Grand Totals
      7940        590        524        152        516     153682   ELF Image Totals (compressed)
      7940        590        524        152          0          0   ROM Totals

==============================================================================

    Total RO  Size (Code + RO Data)                 8464 (   8.27kB)
    Total RW  Size (RW Data + ZI Data)             18072 (  17.65kB)
    Total ROM Size (Code + RO Data + RW Data)       8616 (   8.41kB)

==============================================================================

